0 verbose cli C:\Program Files\nodejs\node.exe C:\Program Files\nodejs\node_modules\npm\bin\npm-cli.js
1 info using npm@11.6.2
2 info using node@v24.13.0
3 silly config load:file:C:\Program Files\nodejs\node_modules\npm\npmrc
4 silly config load:file:D:\oppfinder\.npmrc
5 silly config load:file:C:\Users\Swayam Dash\.npmrc
6 silly config load:file:C:\Users\Swayam Dash\AppData\Roaming\npm\etc\npmrc
7 verbose title npm install mongoose dotenv
8 verbose argv "install" "mongoose" "dotenv" "--cache" ".npm-cache"
9 verbose logfile logs-max:10 dir:D:\oppfinder\.npm-cache\_logs\2026-07-16T16_51_35_057Z-
10 verbose logfile D:\oppfinder\.npm-cache\_logs\2026-07-16T16_51_35_057Z-debug-0.log
11 silly logfile done cleaning log files
12 silly packumentCache heap:4496293888 maxSize:1124073472 maxEntrySize:562036736
13 silly idealTree buildDeps
14 silly fetch manifest mongoose@*
15 silly packumentCache full:https://registry.npmjs.org/mongoose cache-miss
16 http fetch GET 200 https://registry.npmjs.org/mongoose 4308ms (cache miss)
17 silly packumentCache full:https://registry.npmjs.org/mongoose set size:undefined disposed:false
18 silly fetch manifest dotenv@*
19 silly packumentCache full:https://registry.npmjs.org/dotenv cache-miss
20 http fetch GET 200 https://registry.npmjs.org/dotenv 680ms (cache miss)
21 silly packumentCache full:https://registry.npmjs.org/dotenv set size:undefined disposed:false
22 silly placeDep ROOT dotenv@17.4.2 OK for: oppfinder@0.1.0 want: *
23 silly placeDep ROOT mongoose@9.7.4 OK for: oppfinder@0.1.0 want: *
24 silly fetch manifest sift@17.1.3
25 silly packumentCache full:https://registry.npmjs.org/sift cache-miss
26 silly fetch manifest mpath@0.9.0
27 silly packumentCache full:https://registry.npmjs.org/mpath cache-miss
28 silly fetch manifest kareem@3.3.0
29 silly packumentCache full:https://registry.npmjs.org/kareem cache-miss
30 silly fetch manifest mquery@6.0.0
31 silly packumentCache full:https://registry.npmjs.org/mquery cache-miss
32 silly fetch manifest mongodb@~7.2
33 silly packumentCache full:https://registry.npmjs.org/mongodb cache-miss
34 silly fetch manifest @standard-schema/spec@^1.1.0
35 silly packumentCache full:https://registry.npmjs.org/@standard-schema%2fspec cache-miss
36 http fetch GET 200 https://registry.npmjs.org/mpath 381ms (cache miss)
37 silly packumentCache full:https://registry.npmjs.org/mpath set size:undefined disposed:false
38 http fetch GET 200 https://registry.npmjs.org/@standard-schema%2fspec 400ms (cache miss)
39 silly packumentCache full:https://registry.npmjs.org/@standard-schema%2fspec set size:undefined disposed:false
40 http fetch GET 200 https://registry.npmjs.org/mquery 614ms (cache miss)
41 silly packumentCache full:https://registry.npmjs.org/mquery set size:undefined disposed:false
42 http fetch GET 200 https://registry.npmjs.org/mongodb 630ms (cache miss)
43 silly packumentCache full:https://registry.npmjs.org/mongodb set size:undefined disposed:false
44 http fetch GET 200 https://registry.npmjs.org/sift 917ms (cache miss)
45 silly packumentCache full:https://registry.npmjs.org/sift set size:undefined disposed:false
46 http fetch GET 200 https://registry.npmjs.org/kareem 1086ms (cache miss)
47 silly packumentCache full:https://registry.npmjs.org/kareem set size:undefined disposed:false
48 silly fetch manifest @aws-sdk/credential-providers@^3.806.0
49 silly packumentCache full:https://registry.npmjs.org/@aws-sdk%2fcredential-providers cache-miss
50 http fetch GET 200 https://registry.npmjs.org/@aws-sdk%2fcredential-providers 923ms (cache miss)
51 silly packumentCache full:https://registry.npmjs.org/@aws-sdk%2fcredential-providers set size:undefined disposed:false
52 silly fetch manifest @mongodb-js/zstd@^7.0.0
53 silly packumentCache full:https://registry.npmjs.org/@mongodb-js%2fzstd cache-miss
54 http fetch GET 200 https://registry.npmjs.org/@mongodb-js%2fzstd 1338ms (cache miss)
55 silly packumentCache full:https://registry.npmjs.org/@mongodb-js%2fzstd set size:undefined disposed:false
56 silly fetch manifest gcp-metadata@^7.0.1
57 silly packumentCache full:https://registry.npmjs.org/gcp-metadata cache-miss
58 http fetch GET 200 https://registry.npmjs.org/gcp-metadata 94ms (cache miss)
59 silly packumentCache full:https://registry.npmjs.org/gcp-metadata set size:undefined disposed:false
60 silly fetch manifest kerberos@^7.0.0
61 silly packumentCache full:https://registry.npmjs.org/kerberos cache-miss
62 http fetch GET 200 https://registry.npmjs.org/kerberos 358ms (cache miss)
63 silly packumentCache full:https://registry.npmjs.org/kerberos set size:undefined disposed:false
64 silly fetch manifest mongodb-client-encryption@>=7.0.0 <7.1.0
65 silly packumentCache full:https://registry.npmjs.org/mongodb-client-encryption cache-miss
66 http fetch GET 200 https://registry.npmjs.org/mongodb-client-encryption 609ms (cache miss)
67 silly packumentCache full:https://registry.npmjs.org/mongodb-client-encryption set size:undefined disposed:false
68 silly fetch manifest snappy@^7.3.2
69 silly packumentCache full:https://registry.npmjs.org/snappy cache-miss
70 http fetch GET 200 https://registry.npmjs.org/snappy 326ms (cache miss)
71 silly packumentCache full:https://registry.npmjs.org/snappy set size:undefined disposed:false
72 silly fetch manifest socks@^2.8.6
73 silly packumentCache full:https://registry.npmjs.org/socks cache-miss
74 http fetch GET 200 https://registry.npmjs.org/socks 334ms (cache miss)
75 silly packumentCache full:https://registry.npmjs.org/socks set size:undefined disposed:false
76 silly placeDep ROOT @standard-schema/spec@1.1.0 OK for: mongoose@9.7.4 want: ^1.1.0
77 silly placeDep ROOT kareem@3.3.0 OK for: mongoose@9.7.4 want: 3.3.0
78 silly placeDep ROOT mongodb@7.2.0 OK for: mongoose@9.7.4 want: ~7.2
79 silly placeDep ROOT mpath@0.9.0 OK for: mongoose@9.7.4 want: 0.9.0
80 silly placeDep ROOT mquery@6.0.0 OK for: mongoose@9.7.4 want: 6.0.0
81 silly placeDep ROOT sift@17.1.3 OK for: mongoose@9.7.4 want: 17.1.3
82 silly fetch manifest bson@^7.2.0
83 silly packumentCache full:https://registry.npmjs.org/bson cache-miss
84 silly fetch manifest @mongodb-js/saslprep@^1.3.0
85 silly packumentCache full:https://registry.npmjs.org/@mongodb-js%2fsaslprep cache-miss
86 silly fetch manifest mongodb-connection-string-url@^7.0.0
87 silly packumentCache full:https://registry.npmjs.org/mongodb-connection-string-url cache-miss
88 http fetch GET 200 https://registry.npmjs.org/bson 434ms (cache miss)
89 silly packumentCache full:https://registry.npmjs.org/bson set size:undefined disposed:false
90 http fetch GET 200 https://registry.npmjs.org/mongodb-connection-string-url 583ms (cache miss)
91 silly packumentCache full:https://registry.npmjs.org/mongodb-connection-string-url set size:undefined disposed:false
92 http fetch GET 200 https://registry.npmjs.org/@mongodb-js%2fsaslprep 828ms (cache miss)
93 silly packumentCache full:https://registry.npmjs.org/@mongodb-js%2fsaslprep set size:undefined disposed:false
94 silly placeDep ROOT @mongodb-js/saslprep@1.4.12 OK for: mongodb@7.2.0 want: ^1.3.0
95 silly placeDep ROOT bson@7.3.1 OK for: mongodb@7.2.0 want: ^7.2.0
96 silly placeDep ROOT mongodb-connection-string-url@7.0.2 OK for: mongodb@7.2.0 want: ^7.0.0
97 silly fetch manifest sparse-bitfield@^3.0.3
98 silly packumentCache full:https://registry.npmjs.org/sparse-bitfield cache-miss
99 silly fetch manifest whatwg-url@^14.1.0
100 silly packumentCache full:https://registry.npmjs.org/whatwg-url cache-miss
101 silly fetch manifest @types/whatwg-url@^13.0.0
102 silly packumentCache full:https://registry.npmjs.org/@types%2fwhatwg-url cache-miss
103 http fetch GET 200 https://registry.npmjs.org/whatwg-url 111ms (cache miss)
104 silly packumentCache full:https://registry.npmjs.org/whatwg-url set size:undefined disposed:false
105 http fetch GET 200 https://registry.npmjs.org/sparse-bitfield 290ms (cache miss)
106 silly packumentCache full:https://registry.npmjs.org/sparse-bitfield set size:undefined disposed:false
107 http fetch GET 200 https://registry.npmjs.org/@types%2fwhatwg-url 617ms (cache miss)
108 silly packumentCache full:https://registry.npmjs.org/@types%2fwhatwg-url set size:undefined disposed:false
109 silly placeDep ROOT sparse-bitfield@3.0.3 OK for: @mongodb-js/saslprep@1.4.12 want: ^3.0.3
110 silly fetch manifest memory-pager@^1.0.2
111 silly packumentCache full:https://registry.npmjs.org/memory-pager cache-miss
112 http fetch GET 200 https://registry.npmjs.org/memory-pager 263ms (cache miss)
113 silly packumentCache full:https://registry.npmjs.org/memory-pager set size:undefined disposed:false
114 silly placeDep ROOT @types/whatwg-url@13.0.0 OK for: mongodb-connection-string-url@7.0.2 want: ^13.0.0
115 silly placeDep ROOT whatwg-url@14.2.0 OK for: mongodb-connection-string-url@7.0.2 want: ^14.1.0
116 silly fetch manifest @types/webidl-conversions@*
117 silly packumentCache full:https://registry.npmjs.org/@types%2fwebidl-conversions cache-miss
118 silly fetch manifest tr46@^5.1.0
119 silly packumentCache full:https://registry.npmjs.org/tr46 cache-miss
120 silly fetch manifest webidl-conversions@^7.0.0
121 silly packumentCache full:https://registry.npmjs.org/webidl-conversions cache-miss
122 http fetch GET 200 https://registry.npmjs.org/webidl-conversions 64ms (cache miss)
123 silly packumentCache full:https://registry.npmjs.org/webidl-conversions set size:undefined disposed:false
124 http fetch GET 200 https://registry.npmjs.org/tr46 314ms (cache miss)
125 silly packumentCache full:https://registry.npmjs.org/tr46 set size:undefined disposed:false
126 http fetch GET 200 https://registry.npmjs.org/@types%2fwebidl-conversions 614ms (cache miss)
127 silly packumentCache full:https://registry.npmjs.org/@types%2fwebidl-conversions set size:undefined disposed:false
128 silly placeDep ROOT @types/webidl-conversions@7.0.3 OK for: @types/whatwg-url@13.0.0 want: *
129 silly placeDep ROOT memory-pager@1.5.0 OK for: sparse-bitfield@3.0.3 want: ^1.0.2
130 silly placeDep ROOT tr46@5.1.1 OK for: whatwg-url@14.2.0 want: ^5.1.0
131 silly placeDep ROOT webidl-conversions@7.0.0 OK for: whatwg-url@14.2.0 want: ^7.0.0
132 silly reify mark retired [ 'D:\\oppfinder\\node_modules\\@emnapi\\runtime' ]
133 silly reify moves {
133 silly reify   'D:\\oppfinder\\node_modules\\@emnapi\\runtime': 'D:\\oppfinder\\node_modules\\@emnapi\\.runtime-EO2KLV6z'
133 silly reify }
134 silly audit bulk request {
134 silly audit   '@babel/code-frame': [ '7.29.7' ],
134 silly audit   '@babel/compat-data': [ '7.29.7' ],
134 silly audit   '@babel/core': [ '7.29.7' ],
134 silly audit   '@babel/generator': [ '7.29.7' ],
134 silly audit   '@babel/helper-compilation-targets': [ '7.29.7' ],
134 silly audit   '@babel/helper-globals': [ '7.29.7' ],
134 silly audit   '@babel/helper-module-imports': [ '7.29.7' ],
134 silly audit   '@babel/helper-module-transforms': [ '7.29.7' ],
134 silly audit   '@babel/helper-string-parser': [ '7.29.7' ],
134 silly audit   '@babel/helper-validator-identifier': [ '7.29.7' ],
134 silly audit   '@babel/helper-validator-option': [ '7.29.7' ],
134 silly audit   '@babel/helpers': [ '7.29.7' ],
134 silly audit   '@babel/parser': [ '7.29.7' ],
134 silly audit   '@babel/template': [ '7.29.7' ],
134 silly audit   '@babel/traverse': [ '7.29.7' ],
134 silly audit   '@babel/types': [ '7.29.7' ],
134 silly audit   '@emnapi/runtime': [ '1.10.0' ],
134 silly audit   '@emnapi/wasi-threads': [ '1.2.1' ],
134 silly audit   '@eslint-community/eslint-utils': [ '4.9.1' ],
134 silly audit   'eslint-visitor-keys': [ '3.4.3', '5.0.1', '4.2.1' ],
134 silly audit   '@eslint-community/regexpp': [ '4.12.2' ],
134 silly audit   '@eslint/config-array': [ '0.21.2' ],
134 silly audit   '@eslint/config-helpers': [ '0.4.2' ],
134 silly audit   '@eslint/core': [ '0.17.0' ],
134 silly audit   '@eslint/eslintrc': [ '3.3.6' ],
134 silly audit   globals: [ '14.0.0', '16.4.0' ],
134 silly audit   '@eslint/js': [ '9.39.5' ],
134 silly audit   '@eslint/object-schema': [ '2.1.7' ],
134 silly audit   '@eslint/plugin-kit': [ '0.4.1' ],
134 silly audit   '@humanfs/core': [ '0.19.2' ],
134 silly audit   '@humanfs/node': [ '0.16.8' ],
134 silly audit   '@humanfs/types': [ '0.15.0' ],
134 silly audit   '@humanwhocodes/module-importer': [ '1.0.1' ],
134 silly audit   '@humanwhocodes/retry': [ '0.4.3' ],
134 silly audit   '@img/colour': [ '1.1.0' ],
134 silly audit   '@img/sharp-darwin-arm64': [ '0.34.5' ],
134 silly audit   '@img/sharp-darwin-x64': [ '0.34.5' ],
134 silly audit   '@img/sharp-libvips-darwin-arm64': [ '1.2.4' ],
134 silly audit   '@img/sharp-libvips-darwin-x64': [ '1.2.4' ],
134 silly audit   '@img/sharp-libvips-linux-arm': [ '1.2.4' ],
134 silly audit   '@img/sharp-libvips-linux-arm64': [ '1.2.4' ],
134 silly audit   '@img/sharp-libvips-linux-ppc64': [ '1.2.4' ],
134 silly audit   '@img/sharp-libvips-linux-riscv64': [ '1.2.4' ],
134 silly audit   '@img/sharp-libvips-linux-s390x': [ '1.2.4' ],
134 silly audit   '@img/sharp-libvips-linux-x64': [ '1.2.4' ],
134 silly audit   '@img/sharp-libvips-linuxmusl-arm64': [ '1.2.4' ],
134 silly audit   '@img/sharp-libvips-linuxmusl-x64': [ '1.2.4' ],
134 silly audit   '@img/sharp-linux-arm': [ '0.34.5' ],
134 silly audit   '@img/sharp-linux-arm64': [ '0.34.5' ],
134 silly audit   '@img/sharp-linux-ppc64': [ '0.34.5' ],
134 silly audit   '@img/sharp-linux-riscv64': [ '0.34.5' ],
134 silly audit   '@img/sharp-linux-s390x': [ '0.34.5' ],
134 silly audit   '@img/sharp-linux-x64': [ '0.34.5' ],
134 silly audit   '@img/sharp-linuxmusl-arm64': [ '0.34.5' ],
134 silly audit   '@img/sharp-linuxmusl-x64': [ '0.34.5' ],
134 silly audit   '@img/sharp-wasm32': [ '0.34.5' ],
134 silly audit   '@img/sharp-win32-arm64': [ '0.34.5' ],
134 silly audit   '@img/sharp-win32-ia32': [ '0.34.5' ],
134 silly audit   '@img/sharp-win32-x64': [ '0.34.5' ],
134 silly audit   '@jridgewell/gen-mapping': [ '0.3.13' ],
134 silly audit   '@jridgewell/remapping': [ '2.3.5' ],
134 silly audit   '@jridgewell/resolve-uri': [ '3.1.2' ],
134 silly audit   '@jridgewell/sourcemap-codec': [ '1.5.5' ],
134 silly audit   '@jridgewell/trace-mapping': [ '0.3.31' ],
134 silly audit   '@napi-rs/wasm-runtime': [ '1.1.6' ],
134 silly audit   '@next/env': [ '16.2.10' ],
134 silly audit   '@next/eslint-plugin-next': [ '16.2.10' ],
134 silly audit   '@next/swc-darwin-arm64': [ '16.2.10' ],
134 silly audit   '@next/swc-darwin-x64': [ '16.2.10' ],
134 silly audit   '@next/swc-linux-arm64-gnu': [ '16.2.10' ],
134 silly audit   '@next/swc-linux-arm64-musl': [ '16.2.10' ],
134 silly audit   '@next/swc-linux-x64-gnu': [ '16.2.10' ],
134 silly audit   '@next/swc-linux-x64-musl': [ '16.2.10' ],
134 silly audit   '@next/swc-win32-arm64-msvc': [ '16.2.10' ],
134 silly audit   '@next/swc-win32-x64-msvc': [ '16.2.10' ],
134 silly audit   '@nodelib/fs.scandir': [ '2.1.5' ],
134 silly audit   '@nodelib/fs.stat': [ '2.0.5' ],
134 silly audit   '@nodelib/fs.walk': [ '1.2.8' ],
134 silly audit   '@nolyfill/is-core-module': [ '1.0.39' ],
134 silly audit   '@rtsao/scc': [ '1.1.0' ],
134 silly audit   '@swc/helpers': [ '0.5.15' ],
134 silly audit   '@tybys/wasm-util': [ '0.10.3' ],
134 silly audit   '@types/estree': [ '1.0.9' ],
134 silly audit   '@types/json-schema': [ '7.0.15' ],
134 silly audit   '@types/json5': [ '0.0.29' ],
134 silly audit   '@types/node': [ '26.1.1' ],
134 silly audit   '@types/react': [ '19.2.17' ],
134 silly audit   '@types/react-dom': [ '19.2.3' ],
134 silly audit   '@typescript-eslint/eslint-plugin': [ '8.64.0' ],
134 silly audit   ignore: [ '7.0.6', '5.3.2' ],
134 silly audit   '@typescript-eslint/parser': [ '8.64.0' ],
134 silly audit   '@typescript-eslint/project-service': [ '8.64.0' ],
134 silly audit   '@typescript-eslint/scope-manager': [ '8.64.0' ],
134 silly audit   '@typescript-eslint/tsconfig-utils': [ '8.64.0' ],
134 silly audit   '@typescript-eslint/type-utils': [ '8.64.0' ],
134 silly audit   '@typescript-eslint/types': [ '8.64.0' ],
134 silly audit   '@typescript-eslint/typescript-estree': [ '8.64.0' ],
134 silly audit   'balanced-match': [ '4.0.4', '1.0.2' ],
134 silly audit   'brace-expansion': [ '5.0.7', '1.1.16' ],
134 silly audit   minimatch: [ '10.2.5', '3.1.5' ],
134 silly audit   semver: [ '7.8.5', '6.3.1' ],
134 silly audit   '@typescript-eslint/utils': [ '8.64.0' ],
134 silly audit   '@typescript-eslint/visitor-keys': [ '8.64.0' ],
134 silly audit   '@unrs/resolver-binding-android-arm-eabi': [ '1.12.2' ],
134 silly audit   '@unrs/resolver-binding-android-arm64': [ '1.12.2' ],
134 silly audit   '@unrs/resolver-binding-darwin-arm64': [ '1.12.2' ],
134 silly audit   '@unrs/resolver-binding-darwin-x64': [ '1.12.2' ],
134 silly audit   '@unrs/resolver-binding-freebsd-x64': [ '1.12.2' ],
134 silly audit   '@unrs/resolver-binding-linux-arm-gnueabihf': [ '1.12.2' ],
134 silly audit   '@unrs/resolver-binding-linux-arm-musleabihf': [ '1.12.2' ],
134 silly audit   '@unrs/resolver-binding-linux-arm64-gnu': [ '1.12.2' ],
134 silly audit   '@unrs/resolver-binding-linux-arm64-musl': [ '1.12.2' ],
134 silly audit   '@unrs/resolver-binding-linux-loong64-gnu': [ '1.12.2' ],
134 silly audit   '@unrs/resolver-binding-linux-loong64-musl': [ '1.12.2' ],
134 silly audit   '@unrs/resolver-binding-linux-ppc64-gnu': [ '1.12.2' ],
134 silly audit   '@unrs/resolver-binding-linux-riscv64-gnu': [ '1.12.2' ],
134 silly audit   '@unrs/resolver-binding-linux-riscv64-musl': [ '1.12.2' ],
134 silly audit   '@unrs/resolver-binding-linux-s390x-gnu': [ '1.12.2' ],
134 silly audit   '@unrs/resolver-binding-linux-x64-gnu': [ '1.12.2' ],
134 silly audit   '@unrs/resolver-binding-linux-x64-musl': [ '1.12.2' ],
134 silly audit   '@unrs/resolver-binding-openharmony-arm64': [ '1.12.2' ],
134 silly audit   '@unrs/resolver-binding-wasm32-wasi': [ '1.12.2' ],
134 silly audit   '@unrs/resolver-binding-win32-arm64-msvc': [ '1.12.2' ],
134 silly audit   '@unrs/resolver-binding-win32-ia32-msvc': [ '1.12.2' ],
134 silly audit   '@unrs/resolver-binding-win32-x64-msvc': [ '1.12.2' ],
134 silly audit   acorn: [ '8.17.0' ],
134 silly audit   'acorn-jsx': [ '5.3.2' ],
134 silly audit   ajv: [ '6.15.0' ],
134 silly audit   'ansi-styles': [ '4.3.0' ],
134 silly audit   argparse: [ '2.0.1' ],
134 silly audit   'aria-query': [ '5.3.2' ],
134 silly audit   'array-buffer-byte-length': [ '1.0.2' ],
134 silly audit   'array-includes': [ '3.1.9' ],
134 silly audit   'array.prototype.findlast': [ '1.2.5' ],
134 silly audit   'array.prototype.findlastindex': [ '1.2.6' ],
134 silly audit   'array.prototype.flat': [ '1.3.3' ],
134 silly audit   'array.prototype.flatmap': [ '1.3.3' ],
134 silly audit   'array.prototype.tosorted': [ '1.1.4' ],
134 silly audit   'arraybuffer.prototype.slice': [ '1.0.4' ],
134 silly audit   'ast-types-flow': [ '0.0.8' ],
134 silly audit   'async-function': [ '1.0.0' ],
134 silly audit   'available-typed-arrays': [ '1.0.7' ],
134 silly audit   'axe-core': [ '4.12.1' ],
134 silly audit   'axobject-query': [ '4.1.0' ],
134 silly audit   'baseline-browser-mapping': [ '2.10.43' ],
134 silly audit   braces: [ '3.0.3' ],
134 silly audit   browserslist: [ '4.28.6' ],
134 silly audit   'call-bind': [ '1.0.9' ],
134 silly audit   'call-bind-apply-helpers': [ '1.0.2' ],
134 silly audit   'call-bound': [ '1.0.4' ],
134 silly audit   callsites: [ '3.1.0' ],
134 silly audit   'caniuse-lite': [ '1.0.30001806' ],
134 silly audit   chalk: [ '4.1.2' ],
134 silly audit   'client-only': [ '0.0.1' ],
134 silly audit   'color-convert': [ '2.0.1' ],
134 silly audit   'color-name': [ '1.1.4' ],
134 silly audit   'concat-map': [ '0.0.1' ],
134 silly audit   'convert-source-map': [ '2.0.0' ],
134 silly audit   'cross-spawn': [ '7.0.6' ],
134 silly audit   csstype: [ '3.2.3' ],
134 silly audit   'damerau-levenshtein': [ '1.0.8' ],
134 silly audit   'data-view-buffer': [ '1.0.2' ],
134 silly audit   'data-view-byte-length': [ '1.0.2' ],
134 silly audit   'data-view-byte-offset': [ '1.0.1' ],
134 silly audit   debug: [ '4.4.3', '3.2.7' ],
134 silly audit   'deep-is': [ '0.1.4' ],
134 silly audit   'define-data-property': [ '1.1.4' ],
134 silly audit   'define-properties': [ '1.2.1' ],
134 silly audit   'detect-libc': [ '2.1.2' ],
134 silly audit   doctrine: [ '2.1.0' ],
134 silly audit   'dunder-proto': [ '1.0.1' ],
134 silly audit   'electron-to-chromium': [ '1.5.392' ],
134 silly audit   'emoji-regex': [ '9.2.2' ],
134 silly audit   'es-abstract': [ '1.24.2' ],
134 silly audit   'es-abstract-get': [ '1.0.0' ],
134 silly audit   'es-define-property': [ '1.0.1' ],
134 silly audit   'es-errors': [ '1.3.0' ],
134 silly audit   'es-iterator-helpers': [ '1.4.0' ],
134 silly audit   'es-object-atoms': [ '1.1.2' ],
134 silly audit   'es-set-tostringtag': [ '2.1.0' ],
134 silly audit   'es-shim-unscopables': [ '1.1.0' ],
134 silly audit   'es-to-primitive': [ '1.3.4' ],
134 silly audit   escalade: [ '3.2.0' ],
134 silly audit   'escape-string-regexp': [ '4.0.0' ],
134 silly audit   eslint: [ '9.39.5' ],
134 silly audit   'eslint-config-next': [ '16.2.10' ],
134 silly audit   'eslint-import-resolver-node': [ '0.3.10' ],
134 silly audit   'eslint-import-resolver-typescript': [ '3.10.1' ],
134 silly audit   'eslint-module-utils': [ '2.14.0' ],
134 silly audit   'eslint-plugin-import': [ '2.32.0' ],
134 silly audit   'eslint-plugin-jsx-a11y': [ '6.10.2' ],
134 silly audit   'eslint-plugin-react': [ '7.37.5' ],
134 silly audit   'eslint-plugin-react-hooks': [ '7.1.1' ],
134 silly audit   'eslint-scope': [ '8.4.0' ],
134 silly audit   espree: [ '10.4.0' ],
134 silly audit   esquery: [ '1.7.0' ],
134 silly audit   esrecurse: [ '4.3.0' ],
134 silly audit   estraverse: [ '5.3.0' ],
134 silly audit   esutils: [ '2.0.3' ],
134 silly audit   'fast-deep-equal': [ '3.1.3' ],
134 silly audit   'fast-glob': [ '3.3.1' ],
134 silly audit   'glob-parent': [ '5.1.2', '6.0.2' ],
134 silly audit   'fast-json-stable-stringify': [ '2.1.0' ],
134 silly audit   'fast-levenshtein': [ '2.0.6' ],
134 silly audit   fastq: [ '1.20.1' ],
134 silly audit   'file-entry-cache': [ '8.0.0' ],
134 silly audit   'fill-range': [ '7.1.1' ],
134 silly audit   'find-up': [ '5.0.0' ],
134 silly audit   'flat-cache': [ '4.0.1' ],
134 silly audit   flatted: [ '3.4.2' ],
134 silly audit   'for-each': [ '0.3.5' ],
134 silly audit   'function-bind': [ '1.1.2' ],
134 silly audit   'function.prototype.name': [ '1.2.0' ],
134 silly audit   'functions-have-names': [ '1.2.3' ],
134 silly audit   'generator-function': [ '2.0.1' ],
134 silly audit   gensync: [ '1.0.0-beta.2' ],
134 silly audit   'get-intrinsic': [ '1.3.0' ],
134 silly audit   'get-proto': [ '1.0.1' ],
134 silly audit   'get-symbol-description': [ '1.1.0' ],
134 silly audit   'get-tsconfig': [ '4.14.0' ],
134 silly audit   globalthis: [ '1.0.4' ],
134 silly audit   gopd: [ '1.2.0' ],
134 silly audit   'has-bigints': [ '1.1.0' ],
134 silly audit   'has-flag': [ '4.0.0' ],
134 silly audit   'has-property-descriptors': [ '1.0.2' ],
134 silly audit   'has-proto': [ '1.2.0' ],
134 silly audit   'has-symbols': [ '1.1.0' ],
134 silly audit   'has-tostringtag': [ '1.0.2' ],
134 silly audit   hasown: [ '2.0.4' ],
134 silly audit   'hermes-estree': [ '0.25.1' ],
134 silly audit   'hermes-parser': [ '0.25.1' ],
134 silly audit   'import-fresh': [ '3.3.1' ],
134 silly audit   imurmurhash: [ '0.1.4' ],
134 silly audit   'internal-slot': [ '1.1.0' ],
134 silly audit   'is-array-buffer': [ '3.0.5' ],
134 silly audit   'is-async-function': [ '2.1.1' ],
134 silly audit   'is-bigint': [ '1.1.0' ],
134 silly audit   'is-boolean-object': [ '1.2.2' ],
134 silly audit   'is-bun-module': [ '2.0.0' ],
134 silly audit   'is-callable': [ '1.2.7' ],
134 silly audit   'is-core-module': [ '2.16.2' ],
134 silly audit   'is-data-view': [ '1.0.2' ],
134 silly audit   'is-date-object': [ '1.1.0' ],
134 silly audit   'is-document.all': [ '1.0.0' ],
134 silly audit   'is-extglob': [ '2.1.1' ],
134 silly audit   'is-finalizationregistry': [ '1.1.1' ],
134 silly audit   'is-generator-function': [ '1.1.2' ],
134 silly audit   'is-glob': [ '4.0.3' ],
134 silly audit   'is-map': [ '2.0.3' ],
134 silly audit   'is-negative-zero': [ '2.0.3' ],
134 silly audit   'is-number': [ '7.0.0' ],
134 silly audit   'is-number-object': [ '1.1.1' ],
134 silly audit   'is-regex': [ '1.2.1' ],
134 silly audit   'is-set': [ '2.0.3' ],
134 silly audit   'is-shared-array-buffer': [ '1.0.4' ],
134 silly audit   'is-string': [ '1.1.1' ],
134 silly audit   'is-symbol': [ '1.1.1' ],
134 silly audit   'is-typed-array': [ '1.1.15' ],
134 silly audit   'is-weakmap': [ '2.0.2' ],
134 silly audit   'is-weakref': [ '1.1.1' ],
134 silly audit   'is-weakset': [ '2.0.4' ],
134 silly audit   isarray: [ '2.0.5' ],
134 silly audit   isexe: [ '2.0.0' ],
134 silly audit   'iterator.prototype': [ '1.1.5' ],
134 silly audit   'js-tokens': [ '4.0.0' ],
134 silly audit   'js-yaml': [ '4.3.0' ],
134 silly audit   jsesc: [ '3.1.0' ],
134 silly audit   'json-buffer': [ '3.0.1' ],
134 silly audit   'json-schema-traverse': [ '0.4.1' ],
134 silly audit   'json-stable-stringify-without-jsonify': [ '1.0.1' ],
134 silly audit   json5: [ '2.2.3', '1.0.2' ],
134 silly audit   'jsx-ast-utils': [ '3.3.5' ],
134 silly audit   keyv: [ '4.5.4' ],
134 silly audit   'language-subtag-registry': [ '0.3.23' ],
134 silly audit   'language-tags': [ '1.0.9' ],
134 silly audit   levn: [ '0.4.1' ],
134 silly audit   'locate-path': [ '6.0.0' ],
134 silly audit   'lodash.merge': [ '4.6.2' ],
134 silly audit   'loose-envify': [ '1.4.0' ],
134 silly audit   'lru-cache': [ '5.1.1' ],
134 silly audit   'math-intrinsics': [ '1.1.0' ],
134 silly audit   merge2: [ '1.4.1' ],
134 silly audit   micromatch: [ '4.0.8' ],
134 silly audit   minimist: [ '1.2.8' ],
134 silly audit   ms: [ '2.1.3' ],
134 silly audit   nanoid: [ '3.3.16' ],
134 silly audit   'napi-postinstall': [ '0.3.4' ],
134 silly audit   'natural-compare': [ '1.4.0' ],
134 silly audit   next: [ '16.2.10' ],
134 silly audit   'node-exports-info': [ '1.6.2' ],
134 silly audit   'node-releases': [ '2.0.51' ],
134 silly audit   'object-assign': [ '4.1.1' ],
134 silly audit   'object-inspect': [ '1.13.4' ],
134 silly audit   'object-keys': [ '1.1.1' ],
134 silly audit   'object.assign': [ '4.1.7' ],
134 silly audit   'object.entries': [ '1.1.9' ],
134 silly audit   'object.fromentries': [ '2.0.8' ],
134 silly audit   'object.groupby': [ '1.0.3' ],
134 silly audit   'object.values': [ '1.2.1' ],
134 silly audit   optionator: [ '0.9.4' ],
134 silly audit   'own-keys': [ '1.0.1' ],
134 silly audit   'p-limit': [ '3.1.0' ],
134 silly audit   'p-locate': [ '5.0.0' ],
134 silly audit   'parent-module': [ '1.0.1' ],
134 silly audit   'path-exists': [ '4.0.0' ],
134 silly audit   'path-key': [ '3.1.1' ],
134 silly audit   'path-parse': [ '1.0.7' ],
134 silly audit   picocolors: [ '1.1.1' ],
134 silly audit   picomatch: [ '2.3.2', '4.0.5' ],
134 silly audit   'possible-typed-array-names': [ '1.1.0' ],
134 silly audit   postcss: [ '8.4.31' ],
134 silly audit   'prelude-ls': [ '1.2.1' ],
134 silly audit   'prop-types': [ '15.8.1' ],
134 silly audit   punycode: [ '2.3.1' ],
134 silly audit   'queue-microtask': [ '1.2.3' ],
134 silly audit   react: [ '19.2.7' ],
134 silly audit   'react-dom': [ '19.2.7' ],
134 silly audit   'react-is': [ '16.13.1' ],
134 silly audit   'reflect.getprototypeof': [ '1.0.10' ],
134 silly audit   'regexp.prototype.flags': [ '1.5.4' ],
134 silly audit   resolve: [ '2.0.0-next.7' ],
134 silly audit   'resolve-from': [ '4.0.0' ],
134 silly audit   'resolve-pkg-maps': [ '1.0.0' ],
134 silly audit   reusify: [ '1.1.0' ],
134 silly audit   'run-parallel': [ '1.2.0' ],
134 silly audit   'safe-array-concat': [ '1.1.4' ],
134 silly audit   'safe-push-apply': [ '1.0.0' ],
134 silly audit   'safe-regex-test': [ '1.1.0' ],
134 silly audit   scheduler: [ '0.27.0' ],
134 silly audit   'set-function-length': [ '1.2.2' ],
134 silly audit   'set-function-name': [ '2.0.2' ],
134 silly audit   'set-proto': [ '1.0.0' ],
134 silly audit   sharp: [ '0.34.5' ],
134 silly audit   'shebang-command': [ '2.0.0' ],
134 silly audit   'shebang-regex': [ '3.0.0' ],
134 silly audit   'side-channel': [ '1.1.1' ],
134 silly audit   'side-channel-list': [ '1.0.1' ],
134 silly audit   'side-channel-map': [ '1.0.1' ],
134 silly audit   'side-channel-weakmap': [ '1.0.2' ],
134 silly audit   'source-map-js': [ '1.2.1' ],
134 silly audit   'stable-hash': [ '0.0.5' ],
134 silly audit   'stop-iteration-iterator': [ '1.1.0' ],
134 silly audit   'string.prototype.includes': [ '2.0.1' ],
134 silly audit   'string.prototype.matchall': [ '4.0.12' ],
134 silly audit   'string.prototype.repeat': [ '1.0.0' ],
134 silly audit   'string.prototype.trim': [ '1.2.11' ],
134 silly audit   'string.prototype.trimend': [ '1.0.10' ],
134 silly audit   'string.prototype.trimstart': [ '1.0.8' ],
134 silly audit   'strip-bom': [ '3.0.0' ],
134 silly audit   'strip-json-comments': [ '3.1.1' ],
134 silly audit   'styled-jsx': [ '5.1.6' ],
134 silly audit   'supports-color': [ '7.2.0' ],
134 silly audit   'supports-preserve-symlinks-flag': [ '1.0.0' ],
134 silly audit   tinyglobby: [ '0.2.17' ],
134 silly audit   fdir: [ '6.5.0' ],
134 silly audit   'to-regex-range': [ '5.0.1' ],
134 silly audit   'ts-api-utils': [ '2.5.0' ],
134 silly audit   'tsconfig-paths': [ '3.15.0' ],
134 silly audit   tslib: [ '2.8.1' ],
134 silly audit   'type-check': [ '0.4.0' ],
134 silly audit   'typed-array-buffer': [ '1.0.3' ],
134 silly audit   'typed-array-byte-length': [ '1.0.3' ],
134 silly audit   'typed-array-byte-offset': [ '1.0.4' ],
134 silly audit   'typed-array-length': [ '1.0.8' ],
134 silly audit   typescript: [ '6.0.3' ],
134 silly audit   'typescript-eslint': [ '8.64.0' ],
134 silly audit   'unbox-primitive': [ '1.1.0' ],
134 silly audit   'undici-types': [ '8.3.0' ],
134 silly audit   'unrs-resolver': [ '1.12.2' ],
134 silly audit   'update-browserslist-db': [ '1.2.3' ],
134 silly audit   'uri-js': [ '4.4.1' ],
134 silly audit   which: [ '2.0.2' ],
134 silly audit   'which-boxed-primitive': [ '1.1.1' ],
134 silly audit   'which-builtin-type': [ '1.2.1' ],
134 silly audit   'which-collection': [ '1.0.2' ],
134 silly audit   'which-typed-array': [ '1.1.22' ],
134 silly audit   'word-wrap': [ '1.2.5' ],
134 silly audit   yallist: [ '3.1.1' ],
134 silly audit   'yocto-queue': [ '0.1.0' ],
134 silly audit   zod: [ '4.4.3' ],
134 silly audit   'zod-validation-error': [ '4.0.2' ],
134 silly audit   dotenv: [ '17.4.2' ],
134 silly audit   mongoose: [ '9.7.4' ],
134 silly audit   '@standard-schema/spec': [ '1.1.0' ],
134 silly audit   kareem: [ '3.3.0' ],
134 silly audit   mongodb: [ '7.2.0' ],
134 silly audit   mpath: [ '0.9.0' ],
134 silly audit   mquery: [ '6.0.0' ],
134 silly audit   sift: [ '17.1.3' ],
134 silly audit   '@mongodb-js/saslprep': [ '1.4.12' ],
134 silly audit   bson: [ '7.3.1' ],
134 silly audit   'mongodb-connection-string-url': [ '7.0.2' ],
134 silly audit   'sparse-bitfield': [ '3.0.3' ],
134 silly audit   '@types/whatwg-url': [ '13.0.0' ],
134 silly audit   'whatwg-url': [ '14.2.0' ],
134 silly audit   '@types/webidl-conversions': [ '7.0.3' ],
134 silly audit   'memory-pager': [ '1.5.0' ],
134 silly audit   tr46: [ '5.1.1' ],
134 silly audit   'webidl-conversions': [ '7.0.0' ]
134 silly audit }
135 http cache webidl-conversions@https://registry.npmjs.org/webidl-conversions/-/webidl-conversions-7.0.0.tgz 0ms (cache hit)
136 http cache @types/webidl-conversions@https://registry.npmjs.org/@types/webidl-conversions/-/webidl-conversions-7.0.3.tgz 0ms (cache hit)
137 http cache tr46@https://registry.npmjs.org/tr46/-/tr46-5.1.1.tgz 0ms (cache hit)
138 http cache whatwg-url@https://registry.npmjs.org/whatwg-url/-/whatwg-url-14.2.0.tgz 0ms (cache hit)
139 http cache @types/whatwg-url@https://registry.npmjs.org/@types/whatwg-url/-/whatwg-url-13.0.0.tgz 0ms (cache hit)
140 http cache sparse-bitfield@https://registry.npmjs.org/sparse-bitfield/-/sparse-bitfield-3.0.3.tgz 0ms (cache hit)
141 http cache @mongodb-js/saslprep@https://registry.npmjs.org/@mongodb-js/saslprep/-/saslprep-1.4.12.tgz 0ms (cache hit)
142 http cache mongodb-connection-string-url@https://registry.npmjs.org/mongodb-connection-string-url/-/mongodb-connection-string-url-7.0.2.tgz 0ms (cache hit)
143 http cache sift@https://registry.npmjs.org/sift/-/sift-17.1.3.tgz 0ms (cache hit)
144 http cache memory-pager@https://registry.npmjs.org/memory-pager/-/memory-pager-1.5.0.tgz 0ms (cache hit)
145 http cache bson@https://registry.npmjs.org/bson/-/bson-7.3.1.tgz 0ms (cache hit)
146 http cache mpath@https://registry.npmjs.org/mpath/-/mpath-0.9.0.tgz 0ms (cache hit)
147 http cache mquery@https://registry.npmjs.org/mquery/-/mquery-6.0.0.tgz 0ms (cache hit)
148 http cache @standard-schema/spec@https://registry.npmjs.org/@standard-schema/spec/-/spec-1.1.0.tgz 0ms (cache hit)
149 http cache dotenv@https://registry.npmjs.org/dotenv/-/dotenv-17.4.2.tgz 0ms (cache hit)
150 http cache kareem@https://registry.npmjs.org/kareem/-/kareem-3.3.0.tgz 1ms (cache hit)
151 http cache mongoose@https://registry.npmjs.org/mongoose/-/mongoose-9.7.4.tgz 0ms (cache hit)
152 http cache mongodb@https://registry.npmjs.org/mongodb/-/mongodb-7.2.0.tgz 0ms (cache hit)
153 silly tarball no local data for webidl-conversions@https://registry.npmjs.org/webidl-conversions/-/webidl-conversions-7.0.0.tgz. Extracting by manifest.
154 silly tarball no local data for @types/webidl-conversions@https://registry.npmjs.org/@types/webidl-conversions/-/webidl-conversions-7.0.3.tgz. Extracting by manifest.
155 silly tarball no local data for tr46@https://registry.npmjs.org/tr46/-/tr46-5.1.1.tgz. Extracting by manifest.
156 silly tarball no local data for whatwg-url@https://registry.npmjs.org/whatwg-url/-/whatwg-url-14.2.0.tgz. Extracting by manifest.
157 silly tarball no local data for @types/whatwg-url@https://registry.npmjs.org/@types/whatwg-url/-/whatwg-url-13.0.0.tgz. Extracting by manifest.
158 silly tarball no local data for sparse-bitfield@https://registry.npmjs.org/sparse-bitfield/-/sparse-bitfield-3.0.3.tgz. Extracting by manifest.
159 silly tarball no local data for @mongodb-js/saslprep@https://registry.npmjs.org/@mongodb-js/saslprep/-/saslprep-1.4.12.tgz. Extracting by manifest.
160 silly tarball no local data for mongodb-connection-string-url@https://registry.npmjs.org/mongodb-connection-string-url/-/mongodb-connection-string-url-7.0.2.tgz. Extracting by manifest.
161 silly tarball no local data for sift@https://registry.npmjs.org/sift/-/sift-17.1.3.tgz. Extracting by manifest.
162 silly tarball no local data for memory-pager@https://registry.npmjs.org/memory-pager/-/memory-pager-1.5.0.tgz. Extracting by manifest.
163 silly tarball no local data for bson@https://registry.npmjs.org/bson/-/bson-7.3.1.tgz. Extracting by manifest.
164 silly tarball no local data for mpath@https://registry.npmjs.org/mpath/-/mpath-0.9.0.tgz. Extracting by manifest.
165 silly tarball no local data for mquery@https://registry.npmjs.org/mquery/-/mquery-6.0.0.tgz. Extracting by manifest.
166 silly tarball no local data for @standard-schema/spec@https://registry.npmjs.org/@standard-schema/spec/-/spec-1.1.0.tgz. Extracting by manifest.
167 http cache @emnapi/wasi-threads@https://registry.npmjs.org/@emnapi/wasi-threads/-/wasi-threads-1.2.1.tgz 0ms (cache hit)
168 silly tarball no local data for dotenv@https://registry.npmjs.org/dotenv/-/dotenv-17.4.2.tgz. Extracting by manifest.
169 silly tarball no local data for kareem@https://registry.npmjs.org/kareem/-/kareem-3.3.0.tgz. Extracting by manifest.
170 silly tarball no local data for mongoose@https://registry.npmjs.org/mongoose/-/mongoose-9.7.4.tgz. Extracting by manifest.
171 silly tarball no local data for mongodb@https://registry.npmjs.org/mongodb/-/mongodb-7.2.0.tgz. Extracting by manifest.
172 silly tarball no local data for @emnapi/wasi-threads@https://registry.npmjs.org/@emnapi/wasi-threads/-/wasi-threads-1.2.1.tgz. Extracting by manifest.
173 http fetch GET 200 https://registry.npmjs.org/webidl-conversions/-/webidl-conversions-7.0.0.tgz 108ms (cache miss)
174 http fetch GET 200 https://registry.npmjs.org/whatwg-url/-/whatwg-url-14.2.0.tgz 122ms (cache miss)
175 http fetch GET 200 https://registry.npmjs.org/memory-pager/-/memory-pager-1.5.0.tgz 167ms (cache miss)
176 http fetch GET 200 https://registry.npmjs.org/dotenv/-/dotenv-17.4.2.tgz 234ms (cache miss)
177 http fetch POST 200 https://registry.npmjs.org/-/npm/v1/security/advisories/bulk 305ms
178 silly audit report {
178 silly audit report   postcss: [
178 silly audit report     {
178 silly audit report       id: 1117015,
178 silly audit report       url: 'https://github.com/advisories/GHSA-qx2v-qp2m-jg93',
178 silly audit report       title: 'PostCSS has XSS via Unescaped </style> in its CSS Stringify Output',
178 silly audit report       severity: 'moderate',
178 silly audit report       vulnerable_versions: '<8.5.10',
178 silly audit report       cwe: [Array],
178 silly audit report       cvss: [Object]
178 silly audit report     }
178 silly audit report   ]
178 silly audit report }
179 silly packumentCache corgi:https://registry.npmjs.org/postcss cache-miss
180 http fetch GET 200 https://registry.npmjs.org/sift/-/sift-17.1.3.tgz 298ms (cache miss)
181 http fetch GET 200 https://registry.npmjs.org/postcss 73ms (cache revalidated)
182 silly packumentCache corgi:https://registry.npmjs.org/postcss set size:348705 disposed:false
183 silly packumentCache corgi:https://registry.npmjs.org/next cache-miss
184 http fetch GET 200 https://registry.npmjs.org/tr46/-/tr46-5.1.1.tgz 360ms (cache miss)
185 http fetch GET 200 https://registry.npmjs.org/sparse-bitfield/-/sparse-bitfield-3.0.3.tgz 397ms (cache miss)
186 http fetch GET 200 https://registry.npmjs.org/mongodb-connection-string-url/-/mongodb-connection-string-url-7.0.2.tgz 428ms (cache miss)
187 http fetch GET 200 https://registry.npmjs.org/@emnapi/wasi-threads/-/wasi-threads-1.2.1.tgz 558ms (cache miss)
188 http fetch GET 200 https://registry.npmjs.org/@standard-schema/spec/-/spec-1.1.0.tgz 630ms (cache miss)
189 http fetch GET 200 https://registry.npmjs.org/@types/whatwg-url/-/whatwg-url-13.0.0.tgz 685ms (cache miss)
190 http fetch GET 200 https://registry.npmjs.org/next 424ms (cache revalidated)
191 silly packumentCache corgi:https://registry.npmjs.org/next set size:25367764 disposed:false
192 http fetch GET 200 https://registry.npmjs.org/@types/webidl-conversions/-/webidl-conversions-7.0.3.tgz 1264ms (cache miss)
193 http fetch GET 200 https://registry.npmjs.org/mpath/-/mpath-0.9.0.tgz 1265ms (cache miss)
194 http fetch GET 200 https://registry.npmjs.org/kareem/-/kareem-3.3.0.tgz 1264ms (cache miss)
195 http fetch GET 200 https://registry.npmjs.org/mquery/-/mquery-6.0.0.tgz 1275ms (cache miss)
196 http fetch GET 200 https://registry.npmjs.org/@mongodb-js/saslprep/-/saslprep-1.4.12.tgz 1290ms (cache miss)
197 http fetch GET 200 https://registry.npmjs.org/bson/-/bson-7.3.1.tgz 1304ms (cache miss)
198 http fetch GET 200 https://registry.npmjs.org/mongoose/-/mongoose-9.7.4.tgz 1486ms (cache miss)
199 http fetch GET 200 https://registry.npmjs.org/mongodb/-/mongodb-7.2.0.tgz 2091ms (cache miss)
200 silly ADD node_modules/webidl-conversions
201 silly ADD node_modules/tr46
202 silly ADD node_modules/memory-pager
203 silly ADD node_modules/@types/webidl-conversions
204 silly ADD node_modules/whatwg-url
205 silly ADD node_modules/@types/whatwg-url
206 silly ADD node_modules/sparse-bitfield
207 silly ADD node_modules/mongodb-connection-string-url
208 silly ADD node_modules/bson
209 silly ADD node_modules/@mongodb-js/saslprep
210 silly ADD node_modules/sift
211 silly ADD node_modules/mquery
212 silly ADD node_modules/mpath
213 silly ADD node_modules/mongodb
214 silly ADD node_modules/kareem
215 silly ADD node_modules/@standard-schema/spec
216 silly ADD node_modules/mongoose
217 silly ADD node_modules/dotenv
218 silly ADD node_modules/@emnapi/wasi-threads
219 silly REMOVE node_modules/@emnapi/runtime
220 verbose cwd D:\oppfinder
221 verbose os Windows_NT 10.0.26200
222 verbose node v24.13.0
223 verbose npm  v11.6.2
224 verbose exit 0
225 info ok
