0 verbose cli C:\Program Files\nodejs\node.exe C:\Program Files\nodejs\node_modules\npm\bin\npm-cli.js
1 info using npm@11.6.2
2 info using node@v24.13.0
3 silly config load:file:C:\Program Files\nodejs\node_modules\npm\npmrc
4 silly config load:file:D:\oppfinder\.npmrc
5 silly config load:file:C:\Users\Swayam Dash\.npmrc
6 silly config load:file:C:\Users\Swayam Dash\AppData\Roaming\npm\etc\npmrc
7 verbose title npm install tsx
8 verbose argv "install" "--save-dev" "tsx" "--cache" ".npm-cache"
9 verbose logfile logs-max:10 dir:D:\oppfinder\.npm-cache\_logs\2026-07-16T16_55_16_797Z-
10 verbose logfile D:\oppfinder\.npm-cache\_logs\2026-07-16T16_55_16_797Z-debug-0.log
11 silly logfile done cleaning log files
12 silly packumentCache heap:4496293888 maxSize:1124073472 maxEntrySize:562036736
13 silly idealTree buildDeps
14 silly fetch manifest tsx@*
15 silly packumentCache full:https://registry.npmjs.org/tsx cache-miss
16 http fetch GET 200 https://registry.npmjs.org/tsx 278ms (cache miss)
17 silly packumentCache full:https://registry.npmjs.org/tsx set size:undefined disposed:false
18 silly placeDep ROOT tsx@4.23.1 OK for: oppfinder@0.1.0 want: *
19 silly fetch manifest esbuild@~0.28.0
20 silly packumentCache full:https://registry.npmjs.org/esbuild cache-miss
21 silly fetch manifest fsevents@~2.3.3
22 silly packumentCache full:https://registry.npmjs.org/fsevents cache-miss
23 http fetch GET 200 https://registry.npmjs.org/esbuild 326ms (cache miss)
24 silly packumentCache full:https://registry.npmjs.org/esbuild set size:undefined disposed:false
25 http fetch GET 200 https://registry.npmjs.org/fsevents 363ms (cache miss)
26 silly packumentCache full:https://registry.npmjs.org/fsevents set size:undefined disposed:false
27 silly fetch manifest @emnapi/runtime@^1.7.0
28 silly packumentCache full:https://registry.npmjs.org/@emnapi%2fruntime cache-miss
29 http fetch GET 200 https://registry.npmjs.org/@emnapi%2fruntime 102ms (cache revalidated)
30 silly packumentCache full:https://registry.npmjs.org/@emnapi%2fruntime set size:118526 disposed:false
31 silly placeDep ROOT @emnapi/runtime@1.11.2 OK for: @img/sharp-wasm32@0.34.5 want: ^1.7.0
32 silly fetch manifest @emnapi/core@^1.7.1
33 silly packumentCache full:https://registry.npmjs.org/@emnapi%2fcore cache-miss
34 http fetch GET 200 https://registry.npmjs.org/@emnapi%2fcore 65ms (cache revalidated)
35 silly packumentCache full:https://registry.npmjs.org/@emnapi%2fcore set size:117071 disposed:false
36 silly placeDep ROOT @emnapi/core@1.11.2 OK for: @napi-rs/wasm-runtime@1.1.6 want: ^1.7.1
37 silly fetch manifest @emnapi/wasi-threads@1.2.2
38 silly packumentCache full:https://registry.npmjs.org/@emnapi%2fwasi-threads cache-miss
39 http fetch GET 200 https://registry.npmjs.org/@emnapi%2fwasi-threads 79ms (cache revalidated)
40 silly packumentCache full:https://registry.npmjs.org/@emnapi%2fwasi-threads set size:28580 disposed:false
41 silly placeDep ROOT @emnapi/wasi-threads@1.2.2 REPLACE for: @emnapi/core@1.11.2 want: 1.2.2
42 silly fetch manifest @emnapi/core@1.10.0
43 silly packumentCache full:https://registry.npmjs.org/@emnapi%2fcore cache-hit
44 silly placeDep node_modules/@unrs/resolver-binding-wasm32-wasi @emnapi/core@1.10.0 OK for: @unrs/resolver-binding-wasm32-wasi@1.12.2 want: 1.10.0
45 silly fetch manifest @emnapi/wasi-threads@1.2.1
46 silly packumentCache full:https://registry.npmjs.org/@emnapi%2fwasi-threads cache-hit
47 silly placeDep ROOT esbuild@0.28.1 OK for: tsx@4.23.1 want: ~0.28.0
48 silly placeDep ROOT fsevents@2.3.3 OK for: tsx@4.23.1 want: ~2.3.3
49 silly fetch manifest @esbuild/aix-ppc64@0.28.1
50 silly packumentCache full:https://registry.npmjs.org/@esbuild%2faix-ppc64 cache-miss
51 silly fetch manifest @esbuild/android-arm@0.28.1
52 silly packumentCache full:https://registry.npmjs.org/@esbuild%2fandroid-arm cache-miss
53 silly fetch manifest @esbuild/android-arm64@0.28.1
54 silly packumentCache full:https://registry.npmjs.org/@esbuild%2fandroid-arm64 cache-miss
55 silly fetch manifest @esbuild/android-x64@0.28.1
56 silly packumentCache full:https://registry.npmjs.org/@esbuild%2fandroid-x64 cache-miss
57 silly fetch manifest @esbuild/darwin-arm64@0.28.1
58 silly packumentCache full:https://registry.npmjs.org/@esbuild%2fdarwin-arm64 cache-miss
59 silly fetch manifest @esbuild/darwin-x64@0.28.1
60 silly packumentCache full:https://registry.npmjs.org/@esbuild%2fdarwin-x64 cache-miss
61 silly fetch manifest @esbuild/freebsd-arm64@0.28.1
62 silly packumentCache full:https://registry.npmjs.org/@esbuild%2ffreebsd-arm64 cache-miss
63 silly fetch manifest @esbuild/freebsd-x64@0.28.1
64 silly packumentCache full:https://registry.npmjs.org/@esbuild%2ffreebsd-x64 cache-miss
65 silly fetch manifest @esbuild/linux-arm@0.28.1
66 silly packumentCache full:https://registry.npmjs.org/@esbuild%2flinux-arm cache-miss
67 silly fetch manifest @esbuild/linux-arm64@0.28.1
68 silly packumentCache full:https://registry.npmjs.org/@esbuild%2flinux-arm64 cache-miss
69 silly fetch manifest @esbuild/linux-ia32@0.28.1
70 silly packumentCache full:https://registry.npmjs.org/@esbuild%2flinux-ia32 cache-miss
71 http fetch GET 200 https://registry.npmjs.org/@esbuild%2ffreebsd-arm64 421ms (cache miss)
72 silly packumentCache full:https://registry.npmjs.org/@esbuild%2ffreebsd-arm64 set size:undefined disposed:false
73 silly fetch manifest @esbuild/linux-loong64@0.28.1
74 silly packumentCache full:https://registry.npmjs.org/@esbuild%2flinux-loong64 cache-miss
75 http fetch GET 200 https://registry.npmjs.org/@esbuild%2ffreebsd-x64 535ms (cache miss)
76 silly packumentCache full:https://registry.npmjs.org/@esbuild%2ffreebsd-x64 set size:undefined disposed:false
77 silly fetch manifest @esbuild/linux-mips64el@0.28.1
78 silly packumentCache full:https://registry.npmjs.org/@esbuild%2flinux-mips64el cache-miss
79 http fetch GET 200 https://registry.npmjs.org/@esbuild%2fandroid-arm 606ms (cache miss)
80 silly packumentCache full:https://registry.npmjs.org/@esbuild%2fandroid-arm set size:undefined disposed:false
81 silly fetch manifest @esbuild/linux-ppc64@0.28.1
82 silly packumentCache full:https://registry.npmjs.org/@esbuild%2flinux-ppc64 cache-miss
83 http fetch GET 200 https://registry.npmjs.org/@esbuild%2fandroid-x64 646ms (cache miss)
84 silly packumentCache full:https://registry.npmjs.org/@esbuild%2fandroid-x64 set size:undefined disposed:false
85 silly fetch manifest @esbuild/linux-riscv64@0.28.1
86 silly packumentCache full:https://registry.npmjs.org/@esbuild%2flinux-riscv64 cache-miss
87 http fetch GET 200 https://registry.npmjs.org/@esbuild%2flinux-ia32 708ms (cache miss)
88 silly packumentCache full:https://registry.npmjs.org/@esbuild%2flinux-ia32 set size:undefined disposed:false
89 silly fetch manifest @esbuild/linux-s390x@0.28.1
90 silly packumentCache full:https://registry.npmjs.org/@esbuild%2flinux-s390x cache-miss
91 http fetch GET 200 https://registry.npmjs.org/@esbuild%2faix-ppc64 729ms (cache miss)
92 silly packumentCache full:https://registry.npmjs.org/@esbuild%2faix-ppc64 set size:undefined disposed:false
93 silly fetch manifest @esbuild/linux-x64@0.28.1
94 silly packumentCache full:https://registry.npmjs.org/@esbuild%2flinux-x64 cache-miss
95 http fetch GET 200 https://registry.npmjs.org/@esbuild%2fdarwin-arm64 760ms (cache miss)
96 silly packumentCache full:https://registry.npmjs.org/@esbuild%2fdarwin-arm64 set size:undefined disposed:false
97 silly fetch manifest @esbuild/netbsd-arm64@0.28.1
98 silly packumentCache full:https://registry.npmjs.org/@esbuild%2fnetbsd-arm64 cache-miss
99 http fetch GET 200 https://registry.npmjs.org/@esbuild%2fdarwin-x64 766ms (cache miss)
100 silly packumentCache full:https://registry.npmjs.org/@esbuild%2fdarwin-x64 set size:undefined disposed:false
101 silly fetch manifest @esbuild/netbsd-x64@0.28.1
102 silly packumentCache full:https://registry.npmjs.org/@esbuild%2fnetbsd-x64 cache-miss
103 http fetch GET 200 https://registry.npmjs.org/@esbuild%2fandroid-arm64 837ms (cache miss)
104 silly packumentCache full:https://registry.npmjs.org/@esbuild%2fandroid-arm64 set size:undefined disposed:false
105 silly fetch manifest @esbuild/openbsd-arm64@0.28.1
106 silly packumentCache full:https://registry.npmjs.org/@esbuild%2fopenbsd-arm64 cache-miss
107 http fetch GET 200 https://registry.npmjs.org/@esbuild%2flinux-arm64 888ms (cache miss)
108 silly packumentCache full:https://registry.npmjs.org/@esbuild%2flinux-arm64 set size:undefined disposed:false
109 silly fetch manifest @esbuild/openbsd-x64@0.28.1
110 silly packumentCache full:https://registry.npmjs.org/@esbuild%2fopenbsd-x64 cache-miss
111 http fetch GET 200 https://registry.npmjs.org/@esbuild%2fnetbsd-arm64 364ms (cache miss)
112 silly packumentCache full:https://registry.npmjs.org/@esbuild%2fnetbsd-arm64 set size:undefined disposed:false
113 silly fetch manifest @esbuild/openharmony-arm64@0.28.1
114 silly packumentCache full:https://registry.npmjs.org/@esbuild%2fopenharmony-arm64 cache-miss
115 http fetch GET 200 https://registry.npmjs.org/@esbuild%2flinux-loong64 743ms (cache miss)
116 silly packumentCache full:https://registry.npmjs.org/@esbuild%2flinux-loong64 set size:undefined disposed:false
117 silly fetch manifest @esbuild/sunos-x64@0.28.1
118 silly packumentCache full:https://registry.npmjs.org/@esbuild%2fsunos-x64 cache-miss
119 http fetch GET 200 https://registry.npmjs.org/@esbuild%2flinux-x64 458ms (cache miss)
120 silly packumentCache full:https://registry.npmjs.org/@esbuild%2flinux-x64 set size:undefined disposed:false
121 silly fetch manifest @esbuild/win32-arm64@0.28.1
122 silly packumentCache full:https://registry.npmjs.org/@esbuild%2fwin32-arm64 cache-miss
123 http fetch GET 200 https://registry.npmjs.org/@esbuild%2flinux-ppc64 607ms (cache miss)
124 silly packumentCache full:https://registry.npmjs.org/@esbuild%2flinux-ppc64 set size:undefined disposed:false
125 silly fetch manifest @esbuild/win32-ia32@0.28.1
126 silly packumentCache full:https://registry.npmjs.org/@esbuild%2fwin32-ia32 cache-miss
127 http fetch GET 200 https://registry.npmjs.org/@esbuild%2flinux-s390x 654ms (cache miss)
128 silly packumentCache full:https://registry.npmjs.org/@esbuild%2flinux-s390x set size:undefined disposed:false
129 silly fetch manifest @esbuild/win32-x64@0.28.1
130 silly packumentCache full:https://registry.npmjs.org/@esbuild%2fwin32-x64 cache-miss
131 http fetch GET 200 https://registry.npmjs.org/@esbuild%2flinux-riscv64 801ms (cache miss)
132 silly packumentCache full:https://registry.npmjs.org/@esbuild%2flinux-riscv64 set size:undefined disposed:false
133 http fetch GET 200 https://registry.npmjs.org/@esbuild%2fopenbsd-arm64 835ms (cache miss)
134 silly packumentCache full:https://registry.npmjs.org/@esbuild%2fopenbsd-arm64 set size:undefined disposed:false
135 http fetch GET 200 https://registry.npmjs.org/@esbuild%2fwin32-ia32 478ms (cache miss)
136 silly packumentCache full:https://registry.npmjs.org/@esbuild%2fwin32-ia32 set size:undefined disposed:false
137 http fetch GET 200 https://registry.npmjs.org/@esbuild%2fwin32-arm64 519ms (cache miss)
138 silly packumentCache full:https://registry.npmjs.org/@esbuild%2fwin32-arm64 set size:undefined disposed:false
139 http fetch GET 200 https://registry.npmjs.org/@esbuild%2flinux-mips64el 1243ms (cache miss)
140 silly packumentCache full:https://registry.npmjs.org/@esbuild%2flinux-mips64el set size:undefined disposed:false
141 http fetch GET 200 https://registry.npmjs.org/@esbuild%2fnetbsd-x64 1240ms (cache miss)
142 silly packumentCache full:https://registry.npmjs.org/@esbuild%2fnetbsd-x64 set size:undefined disposed:false
143 http fetch GET 200 https://registry.npmjs.org/@esbuild%2fopenbsd-x64 1137ms (cache miss)
144 silly packumentCache full:https://registry.npmjs.org/@esbuild%2fopenbsd-x64 set size:undefined disposed:false
145 http fetch GET 200 https://registry.npmjs.org/@esbuild%2fsunos-x64 868ms (cache miss)
146 silly packumentCache full:https://registry.npmjs.org/@esbuild%2fsunos-x64 set size:undefined disposed:false
147 http fetch GET 200 https://registry.npmjs.org/@esbuild%2fwin32-x64 674ms (cache miss)
148 silly packumentCache full:https://registry.npmjs.org/@esbuild%2fwin32-x64 set size:undefined disposed:false
149 http fetch GET 200 https://registry.npmjs.org/@esbuild%2fopenharmony-arm64 922ms (cache miss)
150 silly packumentCache full:https://registry.npmjs.org/@esbuild%2fopenharmony-arm64 set size:undefined disposed:false
151 http fetch GET 200 https://registry.npmjs.org/@esbuild%2flinux-arm 2444ms (cache miss)
152 silly packumentCache full:https://registry.npmjs.org/@esbuild%2flinux-arm set size:undefined disposed:false
153 silly placeDep ROOT @esbuild/aix-ppc64@0.28.1 OK for: esbuild@0.28.1 want: 0.28.1
154 silly placeDep ROOT @esbuild/android-arm@0.28.1 OK for: esbuild@0.28.1 want: 0.28.1
155 silly placeDep ROOT @esbuild/android-arm64@0.28.1 OK for: esbuild@0.28.1 want: 0.28.1
156 silly placeDep ROOT @esbuild/android-x64@0.28.1 OK for: esbuild@0.28.1 want: 0.28.1
157 silly placeDep ROOT @esbuild/darwin-arm64@0.28.1 OK for: esbuild@0.28.1 want: 0.28.1
158 silly placeDep ROOT @esbuild/darwin-x64@0.28.1 OK for: esbuild@0.28.1 want: 0.28.1
159 silly placeDep ROOT @esbuild/freebsd-arm64@0.28.1 OK for: esbuild@0.28.1 want: 0.28.1
160 silly placeDep ROOT @esbuild/freebsd-x64@0.28.1 OK for: esbuild@0.28.1 want: 0.28.1
161 silly placeDep ROOT @esbuild/linux-arm@0.28.1 OK for: esbuild@0.28.1 want: 0.28.1
162 silly placeDep ROOT @esbuild/linux-arm64@0.28.1 OK for: esbuild@0.28.1 want: 0.28.1
163 silly placeDep ROOT @esbuild/linux-ia32@0.28.1 OK for: esbuild@0.28.1 want: 0.28.1
164 silly placeDep ROOT @esbuild/linux-loong64@0.28.1 OK for: esbuild@0.28.1 want: 0.28.1
165 silly placeDep ROOT @esbuild/linux-mips64el@0.28.1 OK for: esbuild@0.28.1 want: 0.28.1
166 silly placeDep ROOT @esbuild/linux-ppc64@0.28.1 OK for: esbuild@0.28.1 want: 0.28.1
167 silly placeDep ROOT @esbuild/linux-riscv64@0.28.1 OK for: esbuild@0.28.1 want: 0.28.1
168 silly placeDep ROOT @esbuild/linux-s390x@0.28.1 OK for: esbuild@0.28.1 want: 0.28.1
169 silly placeDep ROOT @esbuild/linux-x64@0.28.1 OK for: esbuild@0.28.1 want: 0.28.1
170 silly placeDep ROOT @esbuild/netbsd-arm64@0.28.1 OK for: esbuild@0.28.1 want: 0.28.1
171 silly placeDep ROOT @esbuild/netbsd-x64@0.28.1 OK for: esbuild@0.28.1 want: 0.28.1
172 silly placeDep ROOT @esbuild/openbsd-arm64@0.28.1 OK for: esbuild@0.28.1 want: 0.28.1
173 silly placeDep ROOT @esbuild/openbsd-x64@0.28.1 OK for: esbuild@0.28.1 want: 0.28.1
174 silly placeDep ROOT @esbuild/openharmony-arm64@0.28.1 OK for: esbuild@0.28.1 want: 0.28.1
175 silly placeDep ROOT @esbuild/sunos-x64@0.28.1 OK for: esbuild@0.28.1 want: 0.28.1
176 silly placeDep ROOT @esbuild/win32-arm64@0.28.1 OK for: esbuild@0.28.1 want: 0.28.1
177 silly placeDep ROOT @esbuild/win32-ia32@0.28.1 OK for: esbuild@0.28.1 want: 0.28.1
178 silly placeDep ROOT @esbuild/win32-x64@0.28.1 OK for: esbuild@0.28.1 want: 0.28.1
179 silly placeDep node_modules/@unrs/resolver-binding-wasm32-wasi @emnapi/wasi-threads@1.2.1 OK for: @emnapi/core@1.10.0 want: 1.2.1
180 silly reify mark retired [ 'D:\\oppfinder\\node_modules\\@emnapi\\wasi-threads' ]
181 silly reify moves {
181 silly reify   'D:\\oppfinder\\node_modules\\@emnapi\\wasi-threads': 'D:\\oppfinder\\node_modules\\@emnapi\\.wasi-threads-iYVlvBgX'
181 silly reify }
182 silly audit bulk request {
182 silly audit   '@babel/code-frame': [ '7.29.7' ],
182 silly audit   '@babel/compat-data': [ '7.29.7' ],
182 silly audit   '@babel/core': [ '7.29.7' ],
182 silly audit   '@babel/generator': [ '7.29.7' ],
182 silly audit   '@babel/helper-compilation-targets': [ '7.29.7' ],
182 silly audit   '@babel/helper-globals': [ '7.29.7' ],
182 silly audit   '@babel/helper-module-imports': [ '7.29.7' ],
182 silly audit   '@babel/helper-module-transforms': [ '7.29.7' ],
182 silly audit   '@babel/helper-string-parser': [ '7.29.7' ],
182 silly audit   '@babel/helper-validator-identifier': [ '7.29.7' ],
182 silly audit   '@babel/helper-validator-option': [ '7.29.7' ],
182 silly audit   '@babel/helpers': [ '7.29.7' ],
182 silly audit   '@babel/parser': [ '7.29.7' ],
182 silly audit   '@babel/template': [ '7.29.7' ],
182 silly audit   '@babel/traverse': [ '7.29.7' ],
182 silly audit   '@babel/types': [ '7.29.7' ],
182 silly audit   '@eslint-community/eslint-utils': [ '4.9.1' ],
182 silly audit   'eslint-visitor-keys': [ '3.4.3', '5.0.1', '4.2.1' ],
182 silly audit   '@eslint-community/regexpp': [ '4.12.2' ],
182 silly audit   '@eslint/config-array': [ '0.21.2' ],
182 silly audit   '@eslint/config-helpers': [ '0.4.2' ],
182 silly audit   '@eslint/core': [ '0.17.0' ],
182 silly audit   '@eslint/eslintrc': [ '3.3.6' ],
182 silly audit   globals: [ '14.0.0', '16.4.0' ],
182 silly audit   '@eslint/js': [ '9.39.5' ],
182 silly audit   '@eslint/object-schema': [ '2.1.7' ],
182 silly audit   '@eslint/plugin-kit': [ '0.4.1' ],
182 silly audit   '@humanfs/core': [ '0.19.2' ],
182 silly audit   '@humanfs/node': [ '0.16.8' ],
182 silly audit   '@humanfs/types': [ '0.15.0' ],
182 silly audit   '@humanwhocodes/module-importer': [ '1.0.1' ],
182 silly audit   '@humanwhocodes/retry': [ '0.4.3' ],
182 silly audit   '@img/colour': [ '1.1.0' ],
182 silly audit   '@img/sharp-darwin-arm64': [ '0.34.5' ],
182 silly audit   '@img/sharp-darwin-x64': [ '0.34.5' ],
182 silly audit   '@img/sharp-libvips-darwin-arm64': [ '1.2.4' ],
182 silly audit   '@img/sharp-libvips-darwin-x64': [ '1.2.4' ],
182 silly audit   '@img/sharp-libvips-linux-arm': [ '1.2.4' ],
182 silly audit   '@img/sharp-libvips-linux-arm64': [ '1.2.4' ],
182 silly audit   '@img/sharp-libvips-linux-ppc64': [ '1.2.4' ],
182 silly audit   '@img/sharp-libvips-linux-riscv64': [ '1.2.4' ],
182 silly audit   '@img/sharp-libvips-linux-s390x': [ '1.2.4' ],
182 silly audit   '@img/sharp-libvips-linux-x64': [ '1.2.4' ],
182 silly audit   '@img/sharp-libvips-linuxmusl-arm64': [ '1.2.4' ],
182 silly audit   '@img/sharp-libvips-linuxmusl-x64': [ '1.2.4' ],
182 silly audit   '@img/sharp-linux-arm': [ '0.34.5' ],
182 silly audit   '@img/sharp-linux-arm64': [ '0.34.5' ],
182 silly audit   '@img/sharp-linux-ppc64': [ '0.34.5' ],
182 silly audit   '@img/sharp-linux-riscv64': [ '0.34.5' ],
182 silly audit   '@img/sharp-linux-s390x': [ '0.34.5' ],
182 silly audit   '@img/sharp-linux-x64': [ '0.34.5' ],
182 silly audit   '@img/sharp-linuxmusl-arm64': [ '0.34.5' ],
182 silly audit   '@img/sharp-linuxmusl-x64': [ '0.34.5' ],
182 silly audit   '@img/sharp-wasm32': [ '0.34.5' ],
182 silly audit   '@img/sharp-win32-arm64': [ '0.34.5' ],
182 silly audit   '@img/sharp-win32-ia32': [ '0.34.5' ],
182 silly audit   '@img/sharp-win32-x64': [ '0.34.5' ],
182 silly audit   '@jridgewell/gen-mapping': [ '0.3.13' ],
182 silly audit   '@jridgewell/remapping': [ '2.3.5' ],
182 silly audit   '@jridgewell/resolve-uri': [ '3.1.2' ],
182 silly audit   '@jridgewell/sourcemap-codec': [ '1.5.5' ],
182 silly audit   '@jridgewell/trace-mapping': [ '0.3.31' ],
182 silly audit   '@mongodb-js/saslprep': [ '1.4.12' ],
182 silly audit   '@napi-rs/wasm-runtime': [ '1.1.6' ],
182 silly audit   '@next/env': [ '16.2.10' ],
182 silly audit   '@next/eslint-plugin-next': [ '16.2.10' ],
182 silly audit   '@next/swc-darwin-arm64': [ '16.2.10' ],
182 silly audit   '@next/swc-darwin-x64': [ '16.2.10' ],
182 silly audit   '@next/swc-linux-arm64-gnu': [ '16.2.10' ],
182 silly audit   '@next/swc-linux-arm64-musl': [ '16.2.10' ],
182 silly audit   '@next/swc-linux-x64-gnu': [ '16.2.10' ],
182 silly audit   '@next/swc-linux-x64-musl': [ '16.2.10' ],
182 silly audit   '@next/swc-win32-arm64-msvc': [ '16.2.10' ],
182 silly audit   '@next/swc-win32-x64-msvc': [ '16.2.10' ],
182 silly audit   '@nodelib/fs.scandir': [ '2.1.5' ],
182 silly audit   '@nodelib/fs.stat': [ '2.0.5' ],
182 silly audit   '@nodelib/fs.walk': [ '1.2.8' ],
182 silly audit   '@nolyfill/is-core-module': [ '1.0.39' ],
182 silly audit   '@rtsao/scc': [ '1.1.0' ],
182 silly audit   '@standard-schema/spec': [ '1.1.0' ],
182 silly audit   '@swc/helpers': [ '0.5.15' ],
182 silly audit   '@tybys/wasm-util': [ '0.10.3' ],
182 silly audit   '@types/estree': [ '1.0.9' ],
182 silly audit   '@types/json-schema': [ '7.0.15' ],
182 silly audit   '@types/json5': [ '0.0.29' ],
182 silly audit   '@types/node': [ '26.1.1' ],
182 silly audit   '@types/react': [ '19.2.17' ],
182 silly audit   '@types/react-dom': [ '19.2.3' ],
182 silly audit   '@types/webidl-conversions': [ '7.0.3' ],
182 silly audit   '@types/whatwg-url': [ '13.0.0' ],
182 silly audit   '@typescript-eslint/eslint-plugin': [ '8.64.0' ],
182 silly audit   ignore: [ '7.0.6', '5.3.2' ],
182 silly audit   '@typescript-eslint/parser': [ '8.64.0' ],
182 silly audit   '@typescript-eslint/project-service': [ '8.64.0' ],
182 silly audit   '@typescript-eslint/scope-manager': [ '8.64.0' ],
182 silly audit   '@typescript-eslint/tsconfig-utils': [ '8.64.0' ],
182 silly audit   '@typescript-eslint/type-utils': [ '8.64.0' ],
182 silly audit   '@typescript-eslint/types': [ '8.64.0' ],
182 silly audit   '@typescript-eslint/typescript-estree': [ '8.64.0' ],
182 silly audit   'balanced-match': [ '4.0.4', '1.0.2' ],
182 silly audit   'brace-expansion': [ '5.0.7', '1.1.16' ],
182 silly audit   minimatch: [ '10.2.5', '3.1.5' ],
182 silly audit   semver: [ '7.8.5', '6.3.1' ],
182 silly audit   '@typescript-eslint/utils': [ '8.64.0' ],
182 silly audit   '@typescript-eslint/visitor-keys': [ '8.64.0' ],
182 silly audit   '@unrs/resolver-binding-android-arm-eabi': [ '1.12.2' ],
182 silly audit   '@unrs/resolver-binding-android-arm64': [ '1.12.2' ],
182 silly audit   '@unrs/resolver-binding-darwin-arm64': [ '1.12.2' ],
182 silly audit   '@unrs/resolver-binding-darwin-x64': [ '1.12.2' ],
182 silly audit   '@unrs/resolver-binding-freebsd-x64': [ '1.12.2' ],
182 silly audit   '@unrs/resolver-binding-linux-arm-gnueabihf': [ '1.12.2' ],
182 silly audit   '@unrs/resolver-binding-linux-arm-musleabihf': [ '1.12.2' ],
182 silly audit   '@unrs/resolver-binding-linux-arm64-gnu': [ '1.12.2' ],
182 silly audit   '@unrs/resolver-binding-linux-arm64-musl': [ '1.12.2' ],
182 silly audit   '@unrs/resolver-binding-linux-loong64-gnu': [ '1.12.2' ],
182 silly audit   '@unrs/resolver-binding-linux-loong64-musl': [ '1.12.2' ],
182 silly audit   '@unrs/resolver-binding-linux-ppc64-gnu': [ '1.12.2' ],
182 silly audit   '@unrs/resolver-binding-linux-riscv64-gnu': [ '1.12.2' ],
182 silly audit   '@unrs/resolver-binding-linux-riscv64-musl': [ '1.12.2' ],
182 silly audit   '@unrs/resolver-binding-linux-s390x-gnu': [ '1.12.2' ],
182 silly audit   '@unrs/resolver-binding-linux-x64-gnu': [ '1.12.2' ],
182 silly audit   '@unrs/resolver-binding-linux-x64-musl': [ '1.12.2' ],
182 silly audit   '@unrs/resolver-binding-openharmony-arm64': [ '1.12.2' ],
182 silly audit   '@unrs/resolver-binding-wasm32-wasi': [ '1.12.2' ],
182 silly audit   '@emnapi/runtime': [ '1.10.0' ],
182 silly audit   '@unrs/resolver-binding-win32-arm64-msvc': [ '1.12.2' ],
182 silly audit   '@unrs/resolver-binding-win32-ia32-msvc': [ '1.12.2' ],
182 silly audit   '@unrs/resolver-binding-win32-x64-msvc': [ '1.12.2' ],
182 silly audit   acorn: [ '8.17.0' ],
182 silly audit   'acorn-jsx': [ '5.3.2' ],
182 silly audit   ajv: [ '6.15.0' ],
182 silly audit   'ansi-styles': [ '4.3.0' ],
182 silly audit   argparse: [ '2.0.1' ],
182 silly audit   'aria-query': [ '5.3.2' ],
182 silly audit   'array-buffer-byte-length': [ '1.0.2' ],
182 silly audit   'array-includes': [ '3.1.9' ],
182 silly audit   'array.prototype.findlast': [ '1.2.5' ],
182 silly audit   'array.prototype.findlastindex': [ '1.2.6' ],
182 silly audit   'array.prototype.flat': [ '1.3.3' ],
182 silly audit   'array.prototype.flatmap': [ '1.3.3' ],
182 silly audit   'array.prototype.tosorted': [ '1.1.4' ],
182 silly audit   'arraybuffer.prototype.slice': [ '1.0.4' ],
182 silly audit   'ast-types-flow': [ '0.0.8' ],
182 silly audit   'async-function': [ '1.0.0' ],
182 silly audit   'available-typed-arrays': [ '1.0.7' ],
182 silly audit   'axe-core': [ '4.12.1' ],
182 silly audit   'axobject-query': [ '4.1.0' ],
182 silly audit   'baseline-browser-mapping': [ '2.10.43' ],
182 silly audit   braces: [ '3.0.3' ],
182 silly audit   browserslist: [ '4.28.6' ],
182 silly audit   bson: [ '7.3.1' ],
182 silly audit   'call-bind': [ '1.0.9' ],
182 silly audit   'call-bind-apply-helpers': [ '1.0.2' ],
182 silly audit   'call-bound': [ '1.0.4' ],
182 silly audit   callsites: [ '3.1.0' ],
182 silly audit   'caniuse-lite': [ '1.0.30001806' ],
182 silly audit   chalk: [ '4.1.2' ],
182 silly audit   'client-only': [ '0.0.1' ],
182 silly audit   'color-convert': [ '2.0.1' ],
182 silly audit   'color-name': [ '1.1.4' ],
182 silly audit   'concat-map': [ '0.0.1' ],
182 silly audit   'convert-source-map': [ '2.0.0' ],
182 silly audit   'cross-spawn': [ '7.0.6' ],
182 silly audit   csstype: [ '3.2.3' ],
182 silly audit   'damerau-levenshtein': [ '1.0.8' ],
182 silly audit   'data-view-buffer': [ '1.0.2' ],
182 silly audit   'data-view-byte-length': [ '1.0.2' ],
182 silly audit   'data-view-byte-offset': [ '1.0.1' ],
182 silly audit   debug: [ '4.4.3', '3.2.7' ],
182 silly audit   'deep-is': [ '0.1.4' ],
182 silly audit   'define-data-property': [ '1.1.4' ],
182 silly audit   'define-properties': [ '1.2.1' ],
182 silly audit   'detect-libc': [ '2.1.2' ],
182 silly audit   doctrine: [ '2.1.0' ],
182 silly audit   dotenv: [ '17.4.2' ],
182 silly audit   'dunder-proto': [ '1.0.1' ],
182 silly audit   'electron-to-chromium': [ '1.5.392' ],
182 silly audit   'emoji-regex': [ '9.2.2' ],
182 silly audit   'es-abstract': [ '1.24.2' ],
182 silly audit   'es-abstract-get': [ '1.0.0' ],
182 silly audit   'es-define-property': [ '1.0.1' ],
182 silly audit   'es-errors': [ '1.3.0' ],
182 silly audit   'es-iterator-helpers': [ '1.4.0' ],
182 silly audit   'es-object-atoms': [ '1.1.2' ],
182 silly audit   'es-set-tostringtag': [ '2.1.0' ],
182 silly audit   'es-shim-unscopables': [ '1.1.0' ],
182 silly audit   'es-to-primitive': [ '1.3.4' ],
182 silly audit   escalade: [ '3.2.0' ],
182 silly audit   'escape-string-regexp': [ '4.0.0' ],
182 silly audit   eslint: [ '9.39.5' ],
182 silly audit   'eslint-config-next': [ '16.2.10' ],
182 silly audit   'eslint-import-resolver-node': [ '0.3.10' ],
182 silly audit   'eslint-import-resolver-typescript': [ '3.10.1' ],
182 silly audit   'eslint-module-utils': [ '2.14.0' ],
182 silly audit   'eslint-plugin-import': [ '2.32.0' ],
182 silly audit   'eslint-plugin-jsx-a11y': [ '6.10.2' ],
182 silly audit   'eslint-plugin-react': [ '7.37.5' ],
182 silly audit   'eslint-plugin-react-hooks': [ '7.1.1' ],
182 silly audit   'eslint-scope': [ '8.4.0' ],
182 silly audit   espree: [ '10.4.0' ],
182 silly audit   esquery: [ '1.7.0' ],
182 silly audit   esrecurse: [ '4.3.0' ],
182 silly audit   estraverse: [ '5.3.0' ],
182 silly audit   esutils: [ '2.0.3' ],
182 silly audit   'fast-deep-equal': [ '3.1.3' ],
182 silly audit   'fast-glob': [ '3.3.1' ],
182 silly audit   'glob-parent': [ '5.1.2', '6.0.2' ],
182 silly audit   'fast-json-stable-stringify': [ '2.1.0' ],
182 silly audit   'fast-levenshtein': [ '2.0.6' ],
182 silly audit   fastq: [ '1.20.1' ],
182 silly audit   'file-entry-cache': [ '8.0.0' ],
182 silly audit   'fill-range': [ '7.1.1' ],
182 silly audit   'find-up': [ '5.0.0' ],
182 silly audit   'flat-cache': [ '4.0.1' ],
182 silly audit   flatted: [ '3.4.2' ],
182 silly audit   'for-each': [ '0.3.5' ],
182 silly audit   'function-bind': [ '1.1.2' ],
182 silly audit   'function.prototype.name': [ '1.2.0' ],
182 silly audit   'functions-have-names': [ '1.2.3' ],
182 silly audit   'generator-function': [ '2.0.1' ],
182 silly audit   gensync: [ '1.0.0-beta.2' ],
182 silly audit   'get-intrinsic': [ '1.3.0' ],
182 silly audit   'get-proto': [ '1.0.1' ],
182 silly audit   'get-symbol-description': [ '1.1.0' ],
182 silly audit   'get-tsconfig': [ '4.14.0' ],
182 silly audit   globalthis: [ '1.0.4' ],
182 silly audit   gopd: [ '1.2.0' ],
182 silly audit   'has-bigints': [ '1.1.0' ],
182 silly audit   'has-flag': [ '4.0.0' ],
182 silly audit   'has-property-descriptors': [ '1.0.2' ],
182 silly audit   'has-proto': [ '1.2.0' ],
182 silly audit   'has-symbols': [ '1.1.0' ],
182 silly audit   'has-tostringtag': [ '1.0.2' ],
182 silly audit   hasown: [ '2.0.4' ],
182 silly audit   'hermes-estree': [ '0.25.1' ],
182 silly audit   'hermes-parser': [ '0.25.1' ],
182 silly audit   'import-fresh': [ '3.3.1' ],
182 silly audit   imurmurhash: [ '0.1.4' ],
182 silly audit   'internal-slot': [ '1.1.0' ],
182 silly audit   'is-array-buffer': [ '3.0.5' ],
182 silly audit   'is-async-function': [ '2.1.1' ],
182 silly audit   'is-bigint': [ '1.1.0' ],
182 silly audit   'is-boolean-object': [ '1.2.2' ],
182 silly audit   'is-bun-module': [ '2.0.0' ],
182 silly audit   'is-callable': [ '1.2.7' ],
182 silly audit   'is-core-module': [ '2.16.2' ],
182 silly audit   'is-data-view': [ '1.0.2' ],
182 silly audit   'is-date-object': [ '1.1.0' ],
182 silly audit   'is-document.all': [ '1.0.0' ],
182 silly audit   'is-extglob': [ '2.1.1' ],
182 silly audit   'is-finalizationregistry': [ '1.1.1' ],
182 silly audit   'is-generator-function': [ '1.1.2' ],
182 silly audit   'is-glob': [ '4.0.3' ],
182 silly audit   'is-map': [ '2.0.3' ],
182 silly audit   'is-negative-zero': [ '2.0.3' ],
182 silly audit   'is-number': [ '7.0.0' ],
182 silly audit   'is-number-object': [ '1.1.1' ],
182 silly audit   'is-regex': [ '1.2.1' ],
182 silly audit   'is-set': [ '2.0.3' ],
182 silly audit   'is-shared-array-buffer': [ '1.0.4' ],
182 silly audit   'is-string': [ '1.1.1' ],
182 silly audit   'is-symbol': [ '1.1.1' ],
182 silly audit   'is-typed-array': [ '1.1.15' ],
182 silly audit   'is-weakmap': [ '2.0.2' ],
182 silly audit   'is-weakref': [ '1.1.1' ],
182 silly audit   'is-weakset': [ '2.0.4' ],
182 silly audit   isarray: [ '2.0.5' ],
182 silly audit   isexe: [ '2.0.0' ],
182 silly audit   'iterator.prototype': [ '1.1.5' ],
182 silly audit   'js-tokens': [ '4.0.0' ],
182 silly audit   'js-yaml': [ '4.3.0' ],
182 silly audit   jsesc: [ '3.1.0' ],
182 silly audit   'json-buffer': [ '3.0.1' ],
182 silly audit   'json-schema-traverse': [ '0.4.1' ],
182 silly audit   'json-stable-stringify-without-jsonify': [ '1.0.1' ],
182 silly audit   json5: [ '2.2.3', '1.0.2' ],
182 silly audit   'jsx-ast-utils': [ '3.3.5' ],
182 silly audit   kareem: [ '3.3.0' ],
182 silly audit   keyv: [ '4.5.4' ],
182 silly audit   'language-subtag-registry': [ '0.3.23' ],
182 silly audit   'language-tags': [ '1.0.9' ],
182 silly audit   levn: [ '0.4.1' ],
182 silly audit   'locate-path': [ '6.0.0' ],
182 silly audit   'lodash.merge': [ '4.6.2' ],
182 silly audit   'loose-envify': [ '1.4.0' ],
182 silly audit   'lru-cache': [ '5.1.1' ],
182 silly audit   'math-intrinsics': [ '1.1.0' ],
182 silly audit   'memory-pager': [ '1.5.0' ],
182 silly audit   merge2: [ '1.4.1' ],
182 silly audit   micromatch: [ '4.0.8' ],
182 silly audit   minimist: [ '1.2.8' ],
182 silly audit   mongodb: [ '7.2.0' ],
182 silly audit   'mongodb-connection-string-url': [ '7.0.2' ],
182 silly audit   mongoose: [ '9.7.4' ],
182 silly audit   mpath: [ '0.9.0' ],
182 silly audit   mquery: [ '6.0.0' ],
182 silly audit   ms: [ '2.1.3' ],
182 silly audit   nanoid: [ '3.3.16' ],
182 silly audit   'napi-postinstall': [ '0.3.4' ],
182 silly audit   'natural-compare': [ '1.4.0' ],
182 silly audit   next: [ '16.2.10' ],
182 silly audit   'node-exports-info': [ '1.6.2' ],
182 silly audit   'node-releases': [ '2.0.51' ],
182 silly audit   'object-assign': [ '4.1.1' ],
182 silly audit   'object-inspect': [ '1.13.4' ],
182 silly audit   'object-keys': [ '1.1.1' ],
182 silly audit   'object.assign': [ '4.1.7' ],
182 silly audit   'object.entries': [ '1.1.9' ],
182 silly audit   'object.fromentries': [ '2.0.8' ],
182 silly audit   'object.groupby': [ '1.0.3' ],
182 silly audit   'object.values': [ '1.2.1' ],
182 silly audit   optionator: [ '0.9.4' ],
182 silly audit   'own-keys': [ '1.0.1' ],
182 silly audit   'p-limit': [ '3.1.0' ],
182 silly audit   'p-locate': [ '5.0.0' ],
182 silly audit   'parent-module': [ '1.0.1' ],
182 silly audit   'path-exists': [ '4.0.0' ],
182 silly audit   'path-key': [ '3.1.1' ],
182 silly audit   'path-parse': [ '1.0.7' ],
182 silly audit   picocolors: [ '1.1.1' ],
182 silly audit   picomatch: [ '2.3.2', '4.0.5' ],
182 silly audit   'possible-typed-array-names': [ '1.1.0' ],
182 silly audit   postcss: [ '8.4.31' ],
182 silly audit   'prelude-ls': [ '1.2.1' ],
182 silly audit   'prop-types': [ '15.8.1' ],
182 silly audit   punycode: [ '2.3.1' ],
182 silly audit   'queue-microtask': [ '1.2.3' ],
182 silly audit   react: [ '19.2.7' ],
182 silly audit   'react-dom': [ '19.2.7' ],
182 silly audit   'react-is': [ '16.13.1' ],
182 silly audit   'reflect.getprototypeof': [ '1.0.10' ],
182 silly audit   'regexp.prototype.flags': [ '1.5.4' ],
182 silly audit   resolve: [ '2.0.0-next.7' ],
182 silly audit   'resolve-from': [ '4.0.0' ],
182 silly audit   'resolve-pkg-maps': [ '1.0.0' ],
182 silly audit   reusify: [ '1.1.0' ],
182 silly audit   'run-parallel': [ '1.2.0' ],
182 silly audit   'safe-array-concat': [ '1.1.4' ],
182 silly audit   'safe-push-apply': [ '1.0.0' ],
182 silly audit   'safe-regex-test': [ '1.1.0' ],
182 silly audit   scheduler: [ '0.27.0' ],
182 silly audit   'set-function-length': [ '1.2.2' ],
182 silly audit   'set-function-name': [ '2.0.2' ],
182 silly audit   'set-proto': [ '1.0.0' ],
182 silly audit   sharp: [ '0.34.5' ],
182 silly audit   'shebang-command': [ '2.0.0' ],
182 silly audit   'shebang-regex': [ '3.0.0' ],
182 silly audit   'side-channel': [ '1.1.1' ],
182 silly audit   'side-channel-list': [ '1.0.1' ],
182 silly audit   'side-channel-map': [ '1.0.1' ],
182 silly audit   'side-channel-weakmap': [ '1.0.2' ],
182 silly audit   sift: [ '17.1.3' ],
182 silly audit   'source-map-js': [ '1.2.1' ],
182 silly audit   'sparse-bitfield': [ '3.0.3' ],
182 silly audit   'stable-hash': [ '0.0.5' ],
182 silly audit   'stop-iteration-iterator': [ '1.1.0' ],
182 silly audit   'string.prototype.includes': [ '2.0.1' ],
182 silly audit   'string.prototype.matchall': [ '4.0.12' ],
182 silly audit   'string.prototype.repeat': [ '1.0.0' ],
182 silly audit   'string.prototype.trim': [ '1.2.11' ],
182 silly audit   'string.prototype.trimend': [ '1.0.10' ],
182 silly audit   'string.prototype.trimstart': [ '1.0.8' ],
182 silly audit   'strip-bom': [ '3.0.0' ],
182 silly audit   'strip-json-comments': [ '3.1.1' ],
182 silly audit   'styled-jsx': [ '5.1.6' ],
182 silly audit   'supports-color': [ '7.2.0' ],
182 silly audit   'supports-preserve-symlinks-flag': [ '1.0.0' ],
182 silly audit   tinyglobby: [ '0.2.17' ],
182 silly audit   fdir: [ '6.5.0' ],
182 silly audit   'to-regex-range': [ '5.0.1' ],
182 silly audit   tr46: [ '5.1.1' ],
182 silly audit   'ts-api-utils': [ '2.5.0' ],
182 silly audit   'tsconfig-paths': [ '3.15.0' ],
182 silly audit   tslib: [ '2.8.1' ],
182 silly audit   'type-check': [ '0.4.0' ],
182 silly audit   'typed-array-buffer': [ '1.0.3' ],
182 silly audit   'typed-array-byte-length': [ '1.0.3' ],
182 silly audit   'typed-array-byte-offset': [ '1.0.4' ],
182 silly audit   'typed-array-length': [ '1.0.8' ],
182 silly audit   typescript: [ '6.0.3' ],
182 silly audit   'typescript-eslint': [ '8.64.0' ],
182 silly audit   'unbox-primitive': [ '1.1.0' ],
182 silly audit   'undici-types': [ '8.3.0' ],
182 silly audit   'unrs-resolver': [ '1.12.2' ],
182 silly audit   'update-browserslist-db': [ '1.2.3' ],
182 silly audit   'uri-js': [ '4.4.1' ],
182 silly audit   'webidl-conversions': [ '7.0.0' ],
182 silly audit   'whatwg-url': [ '14.2.0' ],
182 silly audit   which: [ '2.0.2' ],
182 silly audit   'which-boxed-primitive': [ '1.1.1' ],
182 silly audit   'which-builtin-type': [ '1.2.1' ],
182 silly audit   'which-collection': [ '1.0.2' ],
182 silly audit   'which-typed-array': [ '1.1.22' ],
182 silly audit   'word-wrap': [ '1.2.5' ],
182 silly audit   yallist: [ '3.1.1' ],
182 silly audit   'yocto-queue': [ '0.1.0' ],
182 silly audit   zod: [ '4.4.3' ],
182 silly audit   'zod-validation-error': [ '4.0.2' ],
182 silly audit   tsx: [ '4.23.1' ],
182 silly audit   '@emnapi/core': [ '1.10.0' ],
182 silly audit   '@emnapi/wasi-threads': [ '1.2.2', '1.2.1' ],
182 silly audit   esbuild: [ '0.28.1' ],
182 silly audit   fsevents: [ '2.3.3' ],
182 silly audit   '@esbuild/aix-ppc64': [ '0.28.1' ],
182 silly audit   '@esbuild/android-arm': [ '0.28.1' ],
182 silly audit   '@esbuild/android-arm64': [ '0.28.1' ],
182 silly audit   '@esbuild/android-x64': [ '0.28.1' ],
182 silly audit   '@esbuild/darwin-arm64': [ '0.28.1' ],
182 silly audit   '@esbuild/darwin-x64': [ '0.28.1' ],
182 silly audit   '@esbuild/freebsd-arm64': [ '0.28.1' ],
182 silly audit   '@esbuild/freebsd-x64': [ '0.28.1' ],
182 silly audit   '@esbuild/linux-arm': [ '0.28.1' ],
182 silly audit   '@esbuild/linux-arm64': [ '0.28.1' ],
182 silly audit   '@esbuild/linux-ia32': [ '0.28.1' ],
182 silly audit   '@esbuild/linux-loong64': [ '0.28.1' ],
182 silly audit   '@esbuild/linux-mips64el': [ '0.28.1' ],
182 silly audit   '@esbuild/linux-ppc64': [ '0.28.1' ],
182 silly audit   '@esbuild/linux-riscv64': [ '0.28.1' ],
182 silly audit   '@esbuild/linux-s390x': [ '0.28.1' ],
182 silly audit   '@esbuild/linux-x64': [ '0.28.1' ],
182 silly audit   '@esbuild/netbsd-arm64': [ '0.28.1' ],
182 silly audit   '@esbuild/netbsd-x64': [ '0.28.1' ],
182 silly audit   '@esbuild/openbsd-arm64': [ '0.28.1' ],
182 silly audit   '@esbuild/openbsd-x64': [ '0.28.1' ],
182 silly audit   '@esbuild/openharmony-arm64': [ '0.28.1' ],
182 silly audit   '@esbuild/sunos-x64': [ '0.28.1' ],
182 silly audit   '@esbuild/win32-arm64': [ '0.28.1' ],
182 silly audit   '@esbuild/win32-ia32': [ '0.28.1' ],
182 silly audit   '@esbuild/win32-x64': [ '0.28.1' ]
182 silly audit }
183 http cache @esbuild/win32-x64@https://registry.npmjs.org/@esbuild/win32-x64/-/win32-x64-0.28.1.tgz 0ms (cache hit)
184 http cache @emnapi/wasi-threads@https://registry.npmjs.org/@emnapi/wasi-threads/-/wasi-threads-1.2.2.tgz 0ms (cache hit)
185 silly tarball no local data for @emnapi/wasi-threads@https://registry.npmjs.org/@emnapi/wasi-threads/-/wasi-threads-1.2.2.tgz. Extracting by manifest.
186 http cache esbuild@https://registry.npmjs.org/esbuild/-/esbuild-0.28.1.tgz 0ms (cache hit)
187 silly tarball no local data for @esbuild/win32-x64@https://registry.npmjs.org/@esbuild/win32-x64/-/win32-x64-0.28.1.tgz. Extracting by manifest.
188 http cache tsx@https://registry.npmjs.org/tsx/-/tsx-4.23.1.tgz 0ms (cache hit)
189 silly tarball no local data for esbuild@https://registry.npmjs.org/esbuild/-/esbuild-0.28.1.tgz. Extracting by manifest.
190 silly tarball no local data for tsx@https://registry.npmjs.org/tsx/-/tsx-4.23.1.tgz. Extracting by manifest.
191 http fetch POST 200 https://registry.npmjs.org/-/npm/v1/security/advisories/bulk 467ms
192 silly audit report {
192 silly audit report   postcss: [
192 silly audit report     {
192 silly audit report       id: 1117015,
192 silly audit report       url: 'https://github.com/advisories/GHSA-qx2v-qp2m-jg93',
192 silly audit report       title: 'PostCSS has XSS via Unescaped </style> in its CSS Stringify Output',
192 silly audit report       severity: 'moderate',
192 silly audit report       vulnerable_versions: '<8.5.10',
192 silly audit report       cwe: [Array],
192 silly audit report       cvss: [Object]
192 silly audit report     }
192 silly audit report   ]
192 silly audit report }
193 silly packumentCache corgi:https://registry.npmjs.org/postcss cache-miss
194 http cache https://registry.npmjs.org/postcss 19ms (cache hit)
195 silly packumentCache corgi:https://registry.npmjs.org/postcss set size:348705 disposed:false
196 silly packumentCache corgi:https://registry.npmjs.org/next cache-miss
197 http cache https://registry.npmjs.org/next 111ms (cache hit)
198 silly packumentCache corgi:https://registry.npmjs.org/next set size:25367764 disposed:false
199 http fetch GET 200 https://registry.npmjs.org/@emnapi/wasi-threads/-/wasi-threads-1.2.2.tgz 1566ms (cache miss)
200 http fetch GET 200 https://registry.npmjs.org/esbuild/-/esbuild-0.28.1.tgz 2083ms (cache miss)
201 http fetch GET 200 https://registry.npmjs.org/tsx/-/tsx-4.23.1.tgz 3711ms (cache miss)
202 http fetch GET 200 https://registry.npmjs.org/@esbuild/win32-x64/-/win32-x64-0.28.1.tgz 8853ms (cache miss)
203 info run esbuild@0.28.1 postinstall node_modules/esbuild node install.js
204 info run esbuild@0.28.1 postinstall { code: 0, signal: null }
205 silly ADD node_modules/@esbuild/win32-x64
206 silly ADD node_modules/esbuild
207 silly ADD node_modules/tsx
208 silly CHANGE node_modules/@emnapi/wasi-threads
209 verbose cwd D:\oppfinder
210 verbose os Windows_NT 10.0.26200
211 verbose node v24.13.0
212 verbose npm  v11.6.2
213 verbose exit 0
214 info ok
